載入TAIEX市場資料...
  TRAIN+VAL範圍: 2010-01-04 ~ 2024-12-31, n=3681天

載入300檔樣本股價（cached after first run）...
  254/300檔可用（>= 220個交易日歷史）

--- Sanity①：breadth_pct分布 + divergence_flag觸發率（非結構性0/常數）---
  breadth_pct: n=3485天, min=0.000 max=0.878 mean=0.528 std=0.172
  divergence_flag: n_valid=3425天, 觸發率=25.0%
  判定：PASS（非結構性no-op）

--- Sanity②：已知危機/回檔期間「開始前」run-up窗口breadth下降比例（領先指標檢查）---
  2018Q4貿易戰急跌 (run-up 2018-07-06~2018-09-28, n=60天): breadth下降比例=73.3% vs 全樣本無條件基準率=50.7% -> 領先方向正確
  2020Q1新冠崩盤 (run-up 2019-10-29~2020-01-30, n=60天): breadth下降比例=73.3% vs 全樣本無條件基準率=50.7% -> 領先方向正確
  2022全年空頭 (run-up 2021-10-06~2021-12-29, n=60天): breadth下降比例=50.0% vs 全樣本無條件基準率=50.7% -> 未見領先(未過此項)
  2/3個可檢查危機期間顯示領先方向正確

--- Sanity③：divergence_flag觸發後20日TAIEX前瞻報酬方向檢查（lag1避免未來函數）---
  n_obs=3404, 無條件平均前瞻20日報酬=+0.66%
  divergence_flag觸發後(n=840): 平均前瞻20日報酬=+0.17%
  未觸發(n=2564): 平均前瞻20日報酬=+0.82%
  判定：方向正確（觸發後前瞻報酬確實較低）

--- 綜合結論（第1關sanity，非最終PASS/FAIL——判準見docstring）---
  ①非結構性no-op: PASS
  ②危機期間領先方向多數正確(2/3): PASS
  ③前瞻報酬方向正確: PASS
  第1關sanity總判定: PASS，下一輪可進第2關隨機控制組
