[2026-09-08 12:45:14] exit=1
==================================================================
  ⚠ 對外連通性告警  2026-09-08 12:45:14
==================================================================
  [ibkr_gateway] 連續失敗 4 次：四個 API 埠全部關閉（4001/4002/7496/7497）——Gateway 若在跑多半是卡在登入畫面，需人工重登
  紀錄：research\external_connectivity.jsonl
[2026-09-10 12:32:03] exit=1
==================================================================
  ??撠???批?霅? 2026-09-10 12:32:03
==================================================================
  [ibkr_gateway] ???憭望? 2 甈∴???API ??券???4001/4002/7496/7497嚗ateway ?亙頝???∪?餃?恍嚗?鈭箏極?
  蝝??research\external_connectivity.jsonl
[2026-09-10 12:37:02] exit=1
==================================================================
  ??撠???批?霅? 2026-09-10 12:37:03
==================================================================
  [ibkr_gateway] ???憭望? 3 甈∴???API ??券???4001/4002/7496/7497嚗ateway ?亙頝???∪?餃?恍嚗?鈭箏極?
  蝝??research\external_connectivity.jsonl
[2026-09-10 12:42:03] exit=1
==================================================================
  ??撠???批?霅? 2026-09-10 12:42:03
==================================================================
  [ibkr_gateway] ???憭望? 4 甈∴???API ??券???4001/4002/7496/7497嚗ateway ?亙頝???∪?餃?恍嚗?鈭箏極?
  蝝??research\external_connectivity.jsonl
[2026-09-10 12:47:02] exit=1
==================================================================
  ??撠???批?霅? 2026-09-10 12:47:02
==================================================================
  [ibkr_gateway] ???憭望? 5 甈∴???API ??券???4001/4002/7496/7497嚗ateway ?亙頝???∪?餃?恍嚗?鈭箏極?
  蝝??research\external_connectivity.jsonl
[2026-09-10 12:52:02] exit=1
==================================================================
  ??撠???批?霅? 2026-09-10 12:52:02
==================================================================
  [ibkr_gateway] ???憭望? 7 甈∴???API ??券???4001/4002/7496/7497嚗ateway ?亙頝???∪?餃?恍嚗?鈭箏極?
  蝝??research\external_connectivity.jsonl
[2026-09-10 12:57:02] exit=1
==================================================================
  ??撠???批?霅? 2026-09-10 12:57:02
==================================================================
  [ibkr_gateway] ???憭望? 8 甈∴???API ??券???4001/4002/7496/7497嚗ateway ?亙頝???∪?餃?恍嚗?鈭箏極?
  蝝??research\external_connectivity.jsonl
[2026-09-10 13:02:02] exit=1
==================================================================
  ??撠???批?霅? 2026-09-10 13:02:02
==================================================================
  [ibkr_gateway] ???憭望? 9 甈∴???API ??券???4001/4002/7496/7497嚗ateway ?亙頝???∪?餃?恍嚗?鈭箏極?
  蝝??research\external_connectivity.jsonl
[2026-09-10 13:07:02] exit=1
==================================================================
  ??撠???批?霅? 2026-09-10 13:07:02
==================================================================
  [ibkr_gateway] ???憭望? 10 甈∴???API ??券???4001/4002/7496/7497嚗ateway ?亙頝???∪?餃?恍嚗?鈭箏極?
  蝝??research\external_connectivity.jsonl
[2026-09-10 13:12:02] exit=1
==================================================================
  ??撠???批?霅? 2026-09-10 13:12:02
==================================================================
  [ibkr_gateway] ???憭望? 11 甈∴???API ??券???4001/4002/7496/7497嚗ateway ?亙頝???∪?餃?恍嚗?鈭箏極?
  蝝??research\external_connectivity.jsonl
[2026-09-10 13:17:02] exit=1
==================================================================
  ??撠???批?霅? 2026-09-10 13:17:02
==================================================================
  [ibkr_gateway] ???憭望? 12 甈∴???API ??券???4001/4002/7496/7497嚗ateway ?亙頝???∪?餃?恍嚗?鈭箏極?
  蝝??research\external_connectivity.jsonl
[2026-09-10 13:22:02] exit=1
==================================================================
  ??撠???批?霅? 2026-09-10 13:22:02
==================================================================
  [ibkr_gateway] ???憭望? 13 甈∴???API ??券???4001/4002/7496/7497嚗ateway ?亙頝???∪?餃?恍嚗?鈭箏極?
  蝝??research\external_connectivity.jsonl
[2026-09-10 13:27:02] exit=1
==================================================================
  ??撠???批?霅? 2026-09-10 13:27:02
==================================================================
  [ibkr_gateway] ???憭望? 14 甈∴???API ??券???4001/4002/7496/7497嚗ateway ?亙頝???∪?餃?恍嚗?鈭箏極?
  蝝??research\external_connectivity.jsonl
[2026-09-10 13:32:02] exit=1
==================================================================
  ??撠???批?霅? 2026-09-10 13:32:02
==================================================================
  [ibkr_gateway] ???憭望? 15 甈∴???API ??券???4001/4002/7496/7497嚗ateway ?亙頝???∪?餃?恍嚗?鈭箏極?
  蝝??research\external_connectivity.jsonl
[2026-09-10 13:37:02] exit=1
==================================================================
  ??撠???批?霅? 2026-09-10 13:37:02
==================================================================
  [ibkr_gateway] ???憭望? 16 甈∴???API ??券???4001/4002/7496/7497嚗ateway ?亙頝???∪?餃?恍嚗?鈭箏極?
  蝝??research\external_connectivity.jsonl
[2026-09-10 13:42:02] exit=1
==================================================================
  ??撠???批?霅? 2026-09-10 13:42:02
==================================================================
  [ibkr_gateway] ???憭望? 17 甈∴???API ??券???4001/4002/7496/7497嚗ateway ?亙頝???∪?餃?恍嚗?鈭箏極?
  蝝??research\external_connectivity.jsonl
[2026-09-10 13:47:02] exit=1
==================================================================
  ??撠???批?霅? 2026-09-10 13:47:02
==================================================================
  [ibkr_gateway] ???憭望? 18 甈∴???API ??券???4001/4002/7496/7497嚗ateway ?亙頝???∪?餃?恍嚗?鈭箏極?
  蝝??research\external_connectivity.jsonl
[2026-09-10 13:52:02] exit=1
==================================================================
  ??撠???批?霅? 2026-09-10 13:52:02
==================================================================
  [ibkr_gateway] ???憭望? 19 甈∴???API ??券???4001/4002/7496/7497嚗ateway ?亙頝???∪?餃?恍嚗?鈭箏極?
  蝝??research\external_connectivity.jsonl
[2026-09-10 13:57:02] exit=1
==================================================================
  ??撠???批?霅? 2026-09-10 13:57:02
==================================================================
  [ibkr_gateway] ???憭望? 20 甈∴???API ??券???4001/4002/7496/7497嚗ateway ?亙頝???∪?餃?恍嚗?鈭箏極?
  蝝??research\external_connectivity.jsonl
[2026-09-10 14:02:02] exit=1
==================================================================
  ??撠???批?霅? 2026-09-10 14:02:02
==================================================================
  [ibkr_gateway] ???憭望? 21 甈∴???API ??券???4001/4002/7496/7497嚗ateway ?亙頝???∪?餃?恍嚗?鈭箏極?
  蝝??research\external_connectivity.jsonl
[2026-09-10 14:07:02] exit=1
==================================================================
  ??撠???批?霅? 2026-09-10 14:07:02
==================================================================
  [ibkr_gateway] ???憭望? 22 甈∴???API ??券???4001/4002/7496/7497嚗ateway ?亙頝???∪?餃?恍嚗?鈭箏極?
  蝝??research\external_connectivity.jsonl
[2026-09-10 14:12:02] exit=1
==================================================================
  ??撠???批?霅? 2026-09-10 14:12:02
==================================================================
  [ibkr_gateway] ???憭望? 23 甈∴???API ??券???4001/4002/7496/7497嚗ateway ?亙頝???∪?餃?恍嚗?鈭箏極?
  蝝??research\external_connectivity.jsonl
[2026-09-10 14:17:02] exit=1
==================================================================
  ??撠???批?霅? 2026-09-10 14:17:02
==================================================================
  [ibkr_gateway] ???憭望? 24 甈∴???API ??券???4001/4002/7496/7497嚗ateway ?亙頝???∪?餃?恍嚗?鈭箏極?
  蝝??research\external_connectivity.jsonl
[2026-09-10 14:22:02] exit=1
==================================================================
  ??撠???批?霅? 2026-09-10 14:22:02
==================================================================
  [ibkr_gateway] ???憭望? 25 甈∴???API ??券???4001/4002/7496/7497嚗ateway ?亙頝???∪?餃?恍嚗?鈭箏極?
  蝝??research\external_connectivity.jsonl
[2026-09-10 14:27:02] exit=1
==================================================================
  ??撠???批?霅? 2026-09-10 14:27:02
==================================================================
  [ibkr_gateway] ???憭望? 26 甈∴???API ??券???4001/4002/7496/7497嚗ateway ?亙頝???∪?餃?恍嚗?鈭箏極?
  蝝??research\external_connectivity.jsonl
[2026-09-10 14:32:02] exit=1
==================================================================
  ??撠???批?霅? 2026-09-10 14:32:02
==================================================================
  [ibkr_gateway] ???憭望? 29 甈∴???API ??券???4001/4002/7496/7497嚗ateway ?亙頝???∪?餃?恍嚗?鈭箏極?
  [local_task_stall] ???憭望? 1 甈∴?AlphaData嚗:/alpha/alpha-data/alpha.db 撌?29672 ??瘝??啁?綽???瘥?1440 ??嚗?瑼?4320 ??嚗?銵?max(date)嚗aily_price=2026-08-21?nst_trades=2026-08-21?aluation=2026-08-21?aifex_large=20260819嚗?
  蝝??research\external_connectivity.jsonl
[2026-09-10 14:37:02] exit=1
==================================================================
  ??撠???批?霅? 2026-09-10 14:37:02
==================================================================
  [ibkr_gateway] ???憭望? 30 甈∴???API ??券???4001/4002/7496/7497嚗ateway ?亙頝???∪?餃?恍嚗?鈭箏極?
  [local_task_stall] ???憭望? 1 甈∴?AlphaData嚗:/alpha/alpha-data/alpha.db 撌?29677 ??瘝??啁?綽???瘥?1440 ??嚗?瑼?4320 ??嚗?銵?max(date)嚗aily_price=2026-08-21?nst_trades=2026-08-21?aluation=2026-08-21?aifex_large=20260819嚗?
  蝝??research\external_connectivity.jsonl
[2026-09-10 14:42:02] exit=1
==================================================================
  ??撠???批?霅? 2026-09-10 14:42:02
==================================================================
  [ibkr_gateway] ???憭望? 31 甈∴???API ??券???4001/4002/7496/7497嚗ateway ?亙頝???∪?餃?恍嚗?鈭箏極?
  [local_task_stall] ???憭望? 1 甈∴?AlphaData嚗:/alpha/alpha-data/alpha.db 撌?29682 ??瘝??啁?綽???瘥?1440 ??嚗?瑼?4320 ??嚗?銵?max(date)嚗aily_price=2026-08-21?nst_trades=2026-08-21?aluation=2026-08-21?aifex_large=20260819嚗?
  蝝??research\external_connectivity.jsonl
[2026-09-10 14:47:02] exit=1
==================================================================
  ??撠???批?霅? 2026-09-10 14:47:02
==================================================================
  [ibkr_gateway] ???憭望? 32 甈∴???API ??券???4001/4002/7496/7497嚗ateway ?亙頝???∪?餃?恍嚗?鈭箏極?
  [local_task_stall] ???憭望? 1 甈∴?AlphaData嚗:/alpha/alpha-data/alpha.db 撌?29687 ??瘝??啁?綽???瘥?1440 ??嚗?瑼?4320 ??嚗?銵?max(date)嚗aily_price=2026-08-21?nst_trades=2026-08-21?aluation=2026-08-21?aifex_large=20260819嚗?
  蝝??research\external_connectivity.jsonl
[2026-09-10 14:52:02] exit=1
==================================================================
  ??撠???批?霅? 2026-09-10 14:52:02
==================================================================
  [ibkr_gateway] ???憭望? 33 甈∴???API ??券???4001/4002/7496/7497嚗ateway ?亙頝???∪?餃?恍嚗?鈭箏極?
  [local_task_stall] ???憭望? 1 甈∴?AlphaData嚗:/alpha/alpha-data/alpha.db 撌?29692 ??瘝??啁?綽???瘥?1440 ??嚗?瑼?4320 ??嚗?銵?max(date)嚗aily_price=2026-08-21?nst_trades=2026-08-21?aluation=2026-08-21?aifex_large=20260819嚗?
  蝝??research\external_connectivity.jsonl
[2026-09-10 14:57:02] exit=1
==================================================================
  ??撠???批?霅? 2026-09-10 14:57:02
==================================================================
  [ibkr_gateway] ???憭望? 34 甈∴???API ??券???4001/4002/7496/7497嚗ateway ?亙頝???∪?餃?恍嚗?鈭箏極?
  [local_task_stall] ???憭望? 1 甈∴?AlphaData嚗:/alpha/alpha-data/alpha.db 撌?29697 ??瘝??啁?綽???瘥?1440 ??嚗?瑼?4320 ??嚗?銵?max(date)嚗aily_price=2026-08-21?nst_trades=2026-08-21?aluation=2026-08-21?aifex_large=20260819嚗?
  蝝??research\external_connectivity.jsonl
[2026-09-10 15:02:02] exit=1
==================================================================
  ??撠???批?霅? 2026-09-10 15:02:02
==================================================================
  [ibkr_gateway] ???憭望? 35 甈∴???API ??券???4001/4002/7496/7497嚗ateway ?亙頝???∪?餃?恍嚗?鈭箏極?
  [local_task_stall] ???憭望? 1 甈∴?AlphaData嚗:/alpha/alpha-data/alpha.db 撌?29702 ??瘝??啁?綽???瘥?1440 ??嚗?瑼?4320 ??嚗?銵?max(date)嚗aily_price=2026-08-21?nst_trades=2026-08-21?aluation=2026-08-21?aifex_large=20260819嚗?
  蝝??research\external_connectivity.jsonl
[2026-09-10 15:07:02] exit=1
==================================================================
  ??撠???批?霅? 2026-09-10 15:07:02
==================================================================
  [ibkr_gateway] ???憭望? 36 甈∴???API ??券???4001/4002/7496/7497嚗ateway ?亙頝???∪?餃?恍嚗?鈭箏極?
  [local_task_stall] ???憭望? 1 甈∴?AlphaData嚗:/alpha/alpha-data/alpha.db 撌?29707 ??瘝??啁?綽???瘥?1440 ??嚗?瑼?4320 ??嚗?銵?max(date)嚗aily_price=2026-08-21?nst_trades=2026-08-21?aluation=2026-08-21?aifex_large=20260819嚗?
  蝝??research\external_connectivity.jsonl
[2026-09-10 15:12:02] exit=1
==================================================================
  ??撠???批?霅? 2026-09-10 15:12:02
==================================================================
  [ibkr_gateway] ???憭望? 37 甈∴???API ??券???4001/4002/7496/7497嚗ateway ?亙頝???∪?餃?恍嚗?鈭箏極?
  [local_task_stall] ???憭望? 1 甈∴?AlphaData嚗:/alpha/alpha-data/alpha.db 撌?29712 ??瘝??啁?綽???瘥?1440 ??嚗?瑼?4320 ??嚗?銵?max(date)嚗aily_price=2026-08-21?nst_trades=2026-08-21?aluation=2026-08-21?aifex_large=20260819嚗?
  蝝??research\external_connectivity.jsonl
[2026-09-10 15:17:02] exit=1
==================================================================
  ??撠???批?霅? 2026-09-10 15:17:02
==================================================================
  [ibkr_gateway] ???憭望? 38 甈∴???API ??券???4001/4002/7496/7497嚗ateway ?亙頝???∪?餃?恍嚗?鈭箏極?
  [local_task_stall] ???憭望? 1 甈∴?AlphaData嚗:/alpha/alpha-data/alpha.db 撌?29717 ??瘝??啁?綽???瘥?1440 ??嚗?瑼?4320 ??嚗?銵?max(date)嚗aily_price=2026-08-21?nst_trades=2026-08-21?aluation=2026-08-21?aifex_large=20260819嚗?
  蝝??research\external_connectivity.jsonl
[2026-09-10 15:22:02] exit=1
==================================================================
  ??撠???批?霅? 2026-09-10 15:22:02
==================================================================
  [ibkr_gateway] ???憭望? 39 甈∴???API ??券???4001/4002/7496/7497嚗ateway ?亙頝???∪?餃?恍嚗?鈭箏極?
  [local_task_stall] ???憭望? 1 甈∴?AlphaData嚗:/alpha/alpha-data/alpha.db 撌?29722 ??瘝??啁?綽???瘥?1440 ??嚗?瑼?4320 ??嚗?銵?max(date)嚗aily_price=2026-08-21?nst_trades=2026-08-21?aluation=2026-08-21?aifex_large=20260819嚗?
  蝝??research\external_connectivity.jsonl
[2026-09-10 15:27:02] exit=1
==================================================================
  ??撠???批?霅? 2026-09-10 15:27:02
==================================================================
  [ibkr_gateway] ???憭望? 40 甈∴???API ??券???4001/4002/7496/7497嚗ateway ?亙頝???∪?餃?恍嚗?鈭箏極?
  [local_task_stall] ???憭望? 1 甈∴?AlphaData嚗:/alpha/alpha-data/alpha.db 撌?29727 ??瘝??啁?綽???瘥?1440 ??嚗?瑼?4320 ??嚗?銵?max(date)嚗aily_price=2026-08-21?nst_trades=2026-08-21?aluation=2026-08-21?aifex_large=20260819嚗?
  蝝??research\external_connectivity.jsonl
[2026-09-10 15:32:02] exit=1
==================================================================
  ??撠???批?霅? 2026-09-10 15:32:02
==================================================================
  [ibkr_gateway] ???憭望? 41 甈∴???API ??券???4001/4002/7496/7497嚗ateway ?亙頝???∪?餃?恍嚗?鈭箏極?
  蝝??research\external_connectivity.jsonl
[2026-09-10 15:37:02] exit=1
==================================================================
  ??撠???批?霅? 2026-09-10 15:37:02
==================================================================
  [ibkr_gateway] ???憭望? 42 甈∴???API ??券???4001/4002/7496/7497嚗ateway ?亙頝???∪?餃?恍嚗?鈭箏極?
  蝝??research\external_connectivity.jsonl
[2026-09-10 15:42:02] exit=1
==================================================================
  ??撠???批?霅? 2026-09-10 15:42:02
==================================================================
  [ibkr_gateway] ???憭望? 43 甈∴???API ??券???4001/4002/7496/7497嚗ateway ?亙頝???∪?餃?恍嚗?鈭箏極?
  蝝??research\external_connectivity.jsonl
[2026-09-10 15:47:02] exit=1
==================================================================
  ??撠???批?霅? 2026-09-10 15:47:02
==================================================================
  [ibkr_gateway] ???憭望? 44 甈∴???API ??券???4001/4002/7496/7497嚗ateway ?亙頝???∪?餃?恍嚗?鈭箏極?
  蝝??research\external_connectivity.jsonl
[2026-09-10 15:52:02] exit=1
==================================================================
  ??撠???批?霅? 2026-09-10 15:52:02
==================================================================
  [ibkr_gateway] ???憭望? 45 甈∴???API ??券???4001/4002/7496/7497嚗ateway ?亙頝???∪?餃?恍嚗?鈭箏極?
  蝝??research\external_connectivity.jsonl
[2026-09-10 15:57:02] exit=1
==================================================================
  ??撠???批?霅? 2026-09-10 15:57:02
==================================================================
  [ibkr_gateway] ???憭望? 46 甈∴???API ??券???4001/4002/7496/7497嚗ateway ?亙頝???∪?餃?恍嚗?鈭箏極?
  蝝??research\external_connectivity.jsonl
[2026-09-10 16:02:02] exit=1
==================================================================
  ??撠???批?霅? 2026-09-10 16:02:02
==================================================================
  [ibkr_gateway] ???憭望? 47 甈∴???API ??券???4001/4002/7496/7497嚗ateway ?亙頝???∪?餃?恍嚗?鈭箏極?
  蝝??research\external_connectivity.jsonl
[2026-09-10 16:07:02] exit=1
==================================================================
  ??撠???批?霅? 2026-09-10 16:07:02
==================================================================
  [ibkr_gateway] ???憭望? 48 甈∴???API ??券???4001/4002/7496/7497嚗ateway ?亙頝???∪?餃?恍嚗?鈭箏極?
  蝝??research\external_connectivity.jsonl
[2026-09-10 16:12:02] exit=1
==================================================================
  ??撠???批?霅? 2026-09-10 16:12:02
==================================================================
  [ibkr_gateway] ???憭望? 49 甈∴???API ??券???4001/4002/7496/7497嚗ateway ?亙頝???∪?餃?恍嚗?鈭箏極?
  蝝??research\external_connectivity.jsonl
[2026-09-10 16:17:02] exit=1
==================================================================
  ??撠???批?霅? 2026-09-10 16:17:02
==================================================================
  [ibkr_gateway] ???憭望? 50 甈∴???API ??券???4001/4002/7496/7497嚗ateway ?亙頝???∪?餃?恍嚗?鈭箏極?
  蝝??research\external_connectivity.jsonl
[2026-09-10 16:22:02] exit=1
==================================================================
  ??撠???批?霅? 2026-09-10 16:22:02
==================================================================
  [ibkr_gateway] ???憭望? 51 甈∴???API ??券???4001/4002/7496/7497嚗ateway ?亙頝???∪?餃?恍嚗?鈭箏極?
  蝝??research\external_connectivity.jsonl
[2026-09-10 16:27:02] exit=1
==================================================================
  ??撠???批?霅? 2026-09-10 16:27:02
==================================================================
  [ibkr_gateway] ???憭望? 52 甈∴???API ??券???4001/4002/7496/7497嚗ateway ?亙頝???∪?餃?恍嚗?鈭箏極?
  蝝??research\external_connectivity.jsonl
[2026-09-10 16:32:02] exit=1
==================================================================
  ??撠???批?霅? 2026-09-10 16:32:02
==================================================================
  [ibkr_gateway] ???憭望? 53 甈∴???API ??券???4001/4002/7496/7497嚗ateway ?亙頝???∪?餃?恍嚗?鈭箏極?
  蝝??research\external_connectivity.jsonl
[2026-09-10 16:37:02] exit=1
==================================================================
  ??撠???批?霅? 2026-09-10 16:37:02
==================================================================
  [ibkr_gateway] ???憭望? 54 甈∴???API ??券???4001/4002/7496/7497嚗ateway ?亙頝???∪?餃?恍嚗?鈭箏極?
  蝝??research\external_connectivity.jsonl
[2026-09-10 16:42:02] exit=1
==================================================================
  ??撠???批?霅? 2026-09-10 16:42:02
==================================================================
  [ibkr_gateway] ???憭望? 55 甈∴???API ??券???4001/4002/7496/7497嚗ateway ?亙頝???∪?餃?恍嚗?鈭箏極?
  蝝??research\external_connectivity.jsonl
[2026-09-10 16:47:02] exit=1
==================================================================
  ??撠???批?霅? 2026-09-10 16:47:02
==================================================================
  [ibkr_gateway] ???憭望? 56 甈∴???API ??券???4001/4002/7496/7497嚗ateway ?亙頝???∪?餃?恍嚗?鈭箏極?
  蝝??research\external_connectivity.jsonl
[2026-09-10 16:52:02] exit=1
==================================================================
  ??撠???批?霅? 2026-09-10 16:52:02
==================================================================
  [ibkr_gateway] ???憭望? 57 甈∴???API ??券???4001/4002/7496/7497嚗ateway ?亙頝???∪?餃?恍嚗?鈭箏極?
  蝝??research\external_connectivity.jsonl
[2026-09-10 16:57:02] exit=1
==================================================================
  ??撠???批?霅? 2026-09-10 16:57:02
==================================================================
  [ibkr_gateway] ???憭望? 58 甈∴???API ??券???4001/4002/7496/7497嚗ateway ?亙頝???∪?餃?恍嚗?鈭箏極?
  蝝??research\external_connectivity.jsonl
[2026-09-10 17:02:02] exit=1
==================================================================
  ??撠???批?霅? 2026-09-10 17:02:02
==================================================================
  [ibkr_gateway] ???憭望? 59 甈∴???API ??券???4001/4002/7496/7497嚗ateway ?亙頝???∪?餃?恍嚗?鈭箏極?
  蝝??research\external_connectivity.jsonl
[2026-09-10 17:07:02] exit=1
==================================================================
  ??撠???批?霅? 2026-09-10 17:07:02
==================================================================
  [ibkr_gateway] ???憭望? 60 甈∴???API ??券???4001/4002/7496/7497嚗ateway ?亙頝???∪?餃?恍嚗?鈭箏極?
  蝝??research\external_connectivity.jsonl
[2026-09-10 17:12:02] exit=1
==================================================================
  ??撠???批?霅? 2026-09-10 17:12:02
==================================================================
  [ibkr_gateway] ???憭望? 61 甈∴???API ??券???4001/4002/7496/7497嚗ateway ?亙頝???∪?餃?恍嚗?鈭箏極?
  蝝??research\external_connectivity.jsonl
[2026-09-10 17:17:02] exit=1
==================================================================
  ??撠???批?霅? 2026-09-10 17:17:02
==================================================================
  [ibkr_gateway] ???憭望? 62 甈∴???API ??券???4001/4002/7496/7497嚗ateway ?亙頝???∪?餃?恍嚗?鈭箏極?
  蝝??research\external_connectivity.jsonl
[2026-09-10 17:22:02] exit=1
==================================================================
  ??撠???批?霅? 2026-09-10 17:22:03
==================================================================
  [ibkr_gateway] ???憭望? 63 甈∴???API ??券???4001/4002/7496/7497嚗ateway ?亙頝???∪?餃?恍嚗?鈭箏極?
  蝝??research\external_connectivity.jsonl
[2026-09-10 17:27:02] exit=1
==================================================================
  ??撠???批?霅? 2026-09-10 17:27:02
==================================================================
  [ibkr_gateway] ???憭望? 64 甈∴???API ??券???4001/4002/7496/7497嚗ateway ?亙頝???∪?餃?恍嚗?鈭箏極?
  蝝??research\external_connectivity.jsonl
[2026-09-10 17:32:02] exit=1
==================================================================
  ??撠???批?霅? 2026-09-10 17:32:03
==================================================================
  [ibkr_gateway] ???憭望? 65 甈∴???API ??券???4001/4002/7496/7497嚗ateway ?亙頝???∪?餃?恍嚗?鈭箏極?
  蝝??research\external_connectivity.jsonl
[2026-09-10 17:37:02] exit=1
==================================================================
  ??撠???批?霅? 2026-09-10 17:37:03
==================================================================
  [ibkr_gateway] ???憭望? 66 甈∴???API ??券???4001/4002/7496/7497嚗ateway ?亙頝???∪?餃?恍嚗?鈭箏極?
  蝝??research\external_connectivity.jsonl
[2026-09-10 17:42:02] exit=1
==================================================================
  ??撠???批?霅? 2026-09-10 17:42:02
==================================================================
  [ibkr_gateway] ???憭望? 67 甈∴???API ??券???4001/4002/7496/7497嚗ateway ?亙頝???∪?餃?恍嚗?鈭箏極?
  蝝??research\external_connectivity.jsonl
[2026-09-10 17:44:41] exit=
[2026-09-10 17:47:02] exit=1
==================================================================
  ??撠???批?霅? 2026-09-10 17:47:03
==================================================================
  [ibkr_gateway] ???憭望? 68 甈∴???API ??券???4001/4002/7496/7497嚗ateway ?亙頝???∪?餃?恍嚗?鈭箏極?
  蝝??research\external_connectivity.jsonl
[2026-09-10 17:48:11] exit=
[2026-09-10 17:52:03] exit=
[2026-09-10 17:57:04] exit=
[2026-09-10 18:02:04] exit=
[2026-09-10 18:07:03] exit=
[2026-09-10 18:12:03] exit=
[2026-09-10 18:17:03] exit=
[2026-09-10 18:22:03] exit=
[2026-09-10 18:27:04] exit=
[2026-09-10 18:32:03] exit=
[2026-09-10 18:37:03] exit=
[2026-09-10 18:42:04] exit=
[2026-09-10 18:47:02] exit=
[2026-09-10 18:52:02] exit=
[2026-09-10 18:57:02] exit=
[2026-09-10 19:02:02] exit=
[2026-09-10 19:07:02] exit=
[2026-09-10 19:12:02] exit=
[2026-09-10 19:17:02] exit=
[2026-09-10 19:22:02] exit=
[2026-09-10 19:27:01] exit=
[2026-09-10 19:32:01] exit=
[2026-09-10 19:37:01] exit=
[2026-09-10 19:42:01] exit=
[2026-09-10 19:47:01] exit=
[2026-09-10 19:52:01] exit=
[2026-09-10 19:57:01] exit=
[2026-09-10 20:02:01] exit=
[2026-09-10 20:07:01] exit=
[2026-09-10 20:12:01] exit=
[2026-09-10 20:17:01] exit=
[2026-09-10 20:22:01] exit=
[2026-09-10 20:27:01] exit=
[2026-09-10 20:32:01] exit=
[2026-09-10 20:37:01] exit=
[2026-09-10 20:42:01] exit=
[2026-09-10 20:47:01] exit=
[2026-09-10 20:52:01] exit=
[2026-09-10 20:57:01] exit=
[2026-09-10 21:02:01] exit=
[2026-09-10 21:07:01] exit=
[2026-09-10 21:12:01] exit=
[2026-09-10 21:17:01] exit=
[2026-09-10 21:22:01] exit=
[2026-09-10 21:27:01] exit=
[2026-09-10 21:32:01] exit=
[2026-09-10 21:37:01] exit=
[2026-09-10 21:42:01] exit=
[2026-09-10 21:47:01] exit=
[2026-09-10 21:52:01] exit=
[2026-09-10 21:57:01] exit=
[2026-09-10 22:02:01] exit=
[2026-09-10 22:07:01] exit=
[2026-09-10 22:12:01] exit=
[2026-09-10 22:17:01] exit=
[2026-09-10 22:22:01] exit=
[2026-09-10 22:27:01] exit=
[2026-09-10 22:32:01] exit=
[2026-09-10 22:37:01] exit=
[2026-09-10 22:42:01] exit=
[2026-09-10 22:47:01] exit=
[2026-09-10 22:52:01] exit=
[2026-09-10 22:57:01] exit=
[2026-09-10 23:02:01] exit=
[2026-09-10 23:07:01] exit=
[2026-09-10 23:12:01] exit=
[2026-09-10 23:17:01] exit=
[2026-09-10 23:22:02] exit=
[2026-09-10 23:27:02] exit=
[2026-09-10 23:32:02] exit=
[2026-09-10 23:37:02] exit=
[2026-09-10 23:42:02] exit=
[2026-09-10 23:47:02] exit=
[2026-09-10 23:52:02] exit=
[2026-09-10 23:57:02] exit=
[2026-09-11 00:02:02] exit=
[2026-09-11 00:07:02] exit=
[2026-09-11 00:12:02] exit=
[2026-09-11 00:17:02] exit=
[2026-09-11 00:22:02] exit=
[2026-09-11 00:27:02] exit=
[2026-09-11 00:32:02] exit=
[2026-09-11 00:37:02] exit=
[2026-09-11 00:42:02] exit=
[2026-09-11 00:47:02] exit=
[2026-09-11 00:52:02] exit=
[2026-09-11 00:57:02] exit=
[2026-09-11 01:02:02] exit=
[2026-09-11 01:07:02] exit=
[2026-09-11 01:12:02] exit=
[2026-09-11 01:17:02] exit=
[2026-09-11 01:22:02] exit=
[2026-09-11 01:27:02] exit=
[2026-09-11 01:32:02] exit=
[2026-09-11 01:37:02] exit=
[2026-09-11 01:42:02] exit=
[2026-09-11 01:47:02] exit=
[2026-09-11 01:52:02] exit=
[2026-09-11 01:57:02] exit=
[2026-09-11 02:02:02] exit=
[2026-09-11 02:07:02] exit=
[2026-09-11 02:12:02] exit=
[2026-09-11 02:17:02] exit=
[2026-09-11 02:22:02] exit=
[2026-09-11 02:27:02] exit=
[2026-09-11 02:32:02] exit=
[2026-09-11 02:37:02] exit=
[2026-09-11 02:42:02] exit=
[2026-09-11 02:47:02] exit=
[2026-09-11 02:52:02] exit=
[2026-09-11 02:57:02] exit=
[2026-09-11 03:02:02] exit=
[2026-09-11 03:07:02] exit=
[2026-09-11 03:12:02] exit=
[2026-09-11 03:17:02] exit=
[2026-09-11 03:22:02] exit=
[2026-09-11 03:27:02] exit=
[2026-09-11 03:32:02] exit=
[2026-09-11 03:37:02] exit=
[2026-09-11 03:42:02] exit=
[2026-09-11 03:47:02] exit=
[2026-09-11 03:52:01] exit=
[2026-09-11 03:57:01] exit=
[2026-09-11 04:02:01] exit=
[2026-09-11 04:07:01] exit=
[2026-09-11 04:12:01] exit=
[2026-09-11 04:17:01] exit=
[2026-09-11 04:22:01] exit=
[2026-09-11 04:27:01] exit=
[2026-09-11 04:32:01] exit=
[2026-09-11 04:37:01] exit=
[2026-09-11 04:42:01] exit=
[2026-09-11 04:47:01] exit=
[2026-09-11 04:52:01] exit=
[2026-09-11 04:57:01] exit=
[2026-09-11 05:02:01] exit=
[2026-09-11 05:07:01] exit=
[2026-09-11 05:12:01] exit=
[2026-09-11 05:17:01] exit=
[2026-09-11 05:22:01] exit=
[2026-09-11 05:27:01] exit=
[2026-09-11 05:32:01] exit=
[2026-09-11 05:37:01] exit=
[2026-09-11 05:42:01] exit=
[2026-09-11 05:47:01] exit=
[2026-09-11 05:52:01] exit=
[2026-09-11 05:57:01] exit=
[2026-09-11 06:02:01] exit=
[2026-09-11 06:07:01] exit=
[2026-09-11 06:12:01] exit=
[2026-09-11 06:17:01] exit=
[2026-09-11 06:22:01] exit=
[2026-09-11 06:27:01] exit=
[2026-09-11 06:32:01] exit=
[2026-09-11 06:37:01] exit=
[2026-09-11 06:42:01] exit=
[2026-09-11 06:47:01] exit=
[2026-09-11 06:52:01] exit=
[2026-09-11 06:57:01] exit=
[2026-09-11 07:02:01] exit=
[2026-09-11 07:07:01] exit=
[2026-09-11 07:12:01] exit=
[2026-09-11 07:17:01] exit=
[2026-09-11 07:22:01] exit=
[2026-09-11 07:27:01] exit=
[2026-09-11 07:32:01] exit=
[2026-09-11 07:37:01] exit=
[2026-09-11 07:42:01] exit=
[2026-09-11 07:47:01] exit=
[2026-09-11 07:52:01] exit=
[2026-09-11 07:57:01] exit=
[2026-09-11 08:02:01] exit=
[2026-09-11 08:07:01] exit=
[2026-09-11 08:12:01] exit=
[2026-09-11 08:17:01] exit=
[2026-09-11 08:22:01] exit=
[2026-09-11 08:27:01] exit=
[2026-09-11 08:32:01] exit=
[2026-09-11 08:37:01] exit=
[2026-09-11 08:42:01] exit=
[2026-09-11 08:47:01] exit=
[2026-09-11 08:52:01] exit=
[2026-09-11 08:57:02] exit=
[2026-09-11 09:02:01] exit=
[2026-09-11 09:07:01] exit=
[2026-09-11 09:12:02] exit=
[2026-09-11 09:17:02] exit=
[2026-09-11 09:22:02] exit=
[2026-09-11 09:27:01] exit=
[2026-09-11 09:32:02] exit=
[2026-09-11 09:37:02] exit=
[2026-09-11 09:42:02] exit=
[2026-09-11 09:47:02] exit=
[2026-09-11 09:52:02] exit=
[2026-09-11 09:57:02] exit=
[2026-09-11 10:02:02] exit=
[2026-09-11 10:07:02] exit=
[2026-09-11 10:12:02] exit=
[2026-09-11 10:17:02] exit=
[2026-09-11 10:22:02] exit=
[2026-09-11 10:27:02] exit=
[2026-09-11 10:32:02] exit=
[2026-09-11 10:37:02] exit=
[2026-09-11 10:42:02] exit=
[2026-09-11 10:47:02] exit=
[2026-09-11 10:52:02] exit=
[2026-09-11 10:57:02] exit=
[2026-09-11 11:02:02] exit=
[2026-09-11 11:07:02] exit=
[2026-09-11 11:12:02] exit=
[2026-09-11 11:17:02] exit=
[2026-09-11 11:22:02] exit=
[2026-09-11 11:27:02] exit=
[2026-09-11 11:32:02] exit=
[2026-09-11 11:37:02] exit=
[2026-09-11 11:42:02] exit=
[2026-09-11 11:47:02] exit=
[2026-09-11 11:52:02] exit=
[2026-09-11 11:57:02] exit=
[2026-09-11 12:02:02] exit=
[2026-09-11 12:07:02] exit=
[2026-09-11 12:12:02] exit=
[2026-09-11 12:17:02] exit=
[2026-09-11 12:22:02] exit=
[2026-09-11 12:27:02] exit=
[2026-09-11 12:32:02] exit=
[2026-09-11 12:37:02] exit=
[2026-09-11 12:42:02] exit=
[2026-09-11 12:47:02] exit=
[2026-09-11 12:52:02] exit=
[2026-09-11 12:57:02] exit=
[2026-09-11 13:02:02] exit=
[2026-09-11 13:07:02] exit=
[2026-09-11 13:12:02] exit=
[2026-09-11 13:17:02] exit=
[2026-09-11 13:22:02] exit=
[2026-09-11 13:27:02] exit=
[2026-09-11 13:32:02] exit=
[2026-09-11 13:37:02] exit=
[2026-09-11 13:42:01] exit=
[2026-09-11 13:47:01] exit=
[2026-09-11 13:52:01] exit=
[2026-09-11 13:57:01] exit=
[2026-09-11 14:02:01] exit=
[2026-09-11 14:07:01] exit=
[2026-09-11 14:12:01] exit=
[2026-09-11 14:17:01] exit=
[2026-09-11 14:22:01] exit=
[2026-09-11 14:27:01] exit=
[2026-09-11 14:32:01] exit=
[2026-09-11 14:37:01] exit=
[2026-09-11 14:42:01] exit=
[2026-09-11 14:47:01] exit=
[2026-09-11 14:52:01] exit=
[2026-09-11 14:57:01] exit=
[2026-09-11 15:02:01] exit=
[2026-09-11 15:07:01] exit=
[2026-09-11 15:12:01] exit=
[2026-09-11 15:17:01] exit=
[2026-09-11 15:22:01] exit=
[2026-09-11 15:27:01] exit=
[2026-09-11 15:32:01] exit=
[2026-09-11 15:37:01] exit=
[2026-09-11 15:42:01] exit=
[2026-09-11 15:47:01] exit=
[2026-09-11 15:52:01] exit=
[2026-09-11 15:57:01] exit=
[2026-09-11 16:02:01] exit=
[2026-09-11 16:07:01] exit=
[2026-09-11 16:12:01] exit=
[2026-09-11 16:17:01] exit=
[2026-09-11 16:22:01] exit=
[2026-09-11 16:27:01] exit=
[2026-09-11 16:32:01] exit=
[2026-09-11 16:37:01] exit=
[2026-09-11 16:42:01] exit=
[2026-09-11 16:47:01] exit=
[2026-09-11 16:52:01] exit=
[2026-09-11 16:57:01] exit=
[2026-09-11 17:02:01] exit=
[2026-09-11 17:07:01] exit=
[2026-09-11 17:12:01] exit=
[2026-09-11 17:17:01] exit=
[2026-09-11 17:22:01] exit=
[2026-09-11 17:27:01] exit=
[2026-09-11 17:32:01] exit=
[2026-09-11 17:37:01] exit=
[2026-09-11 17:42:01] exit=
[2026-09-11 17:47:01] exit=
[2026-09-11 17:52:01] exit=
[2026-09-11 17:57:02] exit=
[2026-09-11 18:02:01] exit=
[2026-09-11 18:07:01] exit=
[2026-09-11 18:12:01] exit=
[2026-09-11 18:17:01] exit=
[2026-09-11 18:22:01] exit=
[2026-09-11 18:27:01] exit=
[2026-09-11 18:32:01] exit=
[2026-09-11 18:37:01] exit=
[2026-09-11 18:42:02] exit=
[2026-09-11 18:47:01] exit=
[2026-09-11 18:52:02] exit=
[2026-09-11 18:57:02] exit=
[2026-09-11 19:02:01] exit=
[2026-09-11 19:07:01] exit=
[2026-09-11 19:12:01] exit=
[2026-09-11 19:17:01] exit=
[2026-09-11 19:22:01] exit=
[2026-09-11 19:27:01] exit=
[2026-09-11 19:32:01] exit=
[2026-09-11 19:37:01] exit=
[2026-09-11 19:42:02] exit=
[2026-09-11 19:47:01] exit=
[2026-09-11 19:52:02] exit=
[2026-09-11 19:57:01] exit=
[2026-09-11 20:02:02] exit=
[2026-09-11 20:07:02] exit=
[2026-09-11 20:12:02] exit=
[2026-09-11 20:17:02] exit=
[2026-09-11 20:22:02] exit=
[2026-09-11 20:27:02] exit=
[2026-09-11 20:32:02] exit=
[2026-09-11 20:37:02] exit=
[2026-09-11 20:42:02] exit=
[2026-09-11 20:47:02] exit=
[2026-09-11 20:52:02] exit=
[2026-09-11 20:57:02] exit=
[2026-09-11 21:02:02] exit=
[2026-09-11 21:07:02] exit=
[2026-09-11 21:12:02] exit=
[2026-09-11 21:17:02] exit=
[2026-09-11 21:22:02] exit=
[2026-09-11 21:27:02] exit=
[2026-09-11 21:32:02] exit=
[2026-09-11 21:37:02] exit=
[2026-09-11 21:42:02] exit=
[2026-09-11 21:47:02] exit=
[2026-09-11 21:52:02] exit=
[2026-09-11 21:57:02] exit=
[2026-09-11 22:02:02] exit=
[2026-09-11 22:07:02] exit=
[2026-09-11 22:12:02] exit=
[2026-09-11 22:17:02] exit=
[2026-09-11 22:22:02] exit=
[2026-09-11 22:27:02] exit=
[2026-09-11 22:32:02] exit=
[2026-09-11 22:37:02] exit=
[2026-09-11 22:42:02] exit=
[2026-09-11 22:47:02] exit=
[2026-09-11 22:52:02] exit=
[2026-09-11 22:57:02] exit=
[2026-09-11 23:02:02] exit=
[2026-09-11 23:07:02] exit=
[2026-09-11 23:12:02] exit=
[2026-09-11 23:17:02] exit=
[2026-09-11 23:22:02] exit=
[2026-09-11 23:27:02] exit=
[2026-09-11 23:32:02] exit=
[2026-09-11 23:37:02] exit=
[2026-09-11 23:42:02] exit=
[2026-09-11 23:47:02] exit=
[2026-09-11 23:52:02] exit=
[2026-09-11 23:57:02] exit=
[2026-09-12 00:02:02] exit=
[2026-09-12 00:07:02] exit=
[2026-09-12 00:12:02] exit=
[2026-09-12 00:17:02] exit=
[2026-09-12 00:22:02] exit=
[2026-09-12 00:27:02] exit=
[2026-09-12 00:32:02] exit=
[2026-09-12 00:37:02] exit=
[2026-09-12 00:42:02] exit=
[2026-09-12 00:47:02] exit=
[2026-09-12 00:52:02] exit=
[2026-09-12 00:57:02] exit=
[2026-09-12 01:02:02] exit=
[2026-09-12 01:07:02] exit=
[2026-09-12 01:12:02] exit=
[2026-09-12 01:17:02] exit=
[2026-09-12 01:22:02] exit=
[2026-09-12 01:27:02] exit=
[2026-09-12 01:32:02] exit=
[2026-09-12 01:37:02] exit=
[2026-09-12 01:42:02] exit=
[2026-09-12 01:47:02] exit=
[2026-09-12 01:52:02] exit=
[2026-09-12 01:57:02] exit=
[2026-09-12 02:02:02] exit=
[2026-09-12 02:07:02] exit=
[2026-09-12 02:12:02] exit=
[2026-09-12 02:17:02] exit=
[2026-09-12 02:22:02] exit=
[2026-09-12 02:27:02] exit=
[2026-09-12 02:32:02] exit=
[2026-09-12 02:37:02] exit=
[2026-09-12 02:42:02] exit=
[2026-09-12 02:47:02] exit=
[2026-09-12 02:52:02] exit=
[2026-09-12 02:57:02] exit=
[2026-09-12 03:02:02] exit=
[2026-09-12 03:07:02] exit=
[2026-09-12 03:12:02] exit=
[2026-09-12 03:17:02] exit=
[2026-09-12 03:22:02] exit=
[2026-09-12 03:27:02] exit=
[2026-09-12 03:32:02] exit=
[2026-09-12 03:37:02] exit=
[2026-09-12 03:42:02] exit=
[2026-09-12 03:47:02] exit=
[2026-09-12 03:52:02] exit=
[2026-09-12 03:57:02] exit=
[2026-09-12 04:02:02] exit=
[2026-09-12 04:07:02] exit=
[2026-09-12 04:12:02] exit=
[2026-09-12 04:17:02] exit=
[2026-09-12 04:22:02] exit=
[2026-09-12 04:27:02] exit=
[2026-09-12 04:32:01] exit=
[2026-09-12 04:37:01] exit=
[2026-09-12 04:42:01] exit=
[2026-09-12 04:47:01] exit=
[2026-09-12 04:52:01] exit=
[2026-09-12 04:57:01] exit=
[2026-09-12 05:02:01] exit=
[2026-09-12 05:07:01] exit=
[2026-09-12 05:12:01] exit=
[2026-09-12 05:17:01] exit=
[2026-09-12 05:22:01] exit=
[2026-09-12 05:27:01] exit=
[2026-09-12 05:32:01] exit=
[2026-09-12 05:37:01] exit=
[2026-09-12 05:42:01] exit=
[2026-09-12 05:47:01] exit=
[2026-09-12 05:52:01] exit=
[2026-09-12 05:57:01] exit=
[2026-09-12 06:02:01] exit=
[2026-09-12 06:07:01] exit=
[2026-09-12 06:12:01] exit=
[2026-09-12 06:17:01] exit=
[2026-09-12 06:22:01] exit=
[2026-09-12 06:27:01] exit=
[2026-09-12 06:32:01] exit=
[2026-09-12 06:37:01] exit=
[2026-09-12 06:42:01] exit=
[2026-09-12 06:47:01] exit=
[2026-09-12 06:52:01] exit=
[2026-09-12 06:57:01] exit=
[2026-09-12 07:02:01] exit=
[2026-09-12 07:07:01] exit=
[2026-09-12 07:12:01] exit=
[2026-09-12 07:17:01] exit=
[2026-09-12 07:22:01] exit=
[2026-09-12 07:27:01] exit=
[2026-09-12 07:32:01] exit=
[2026-09-12 07:37:01] exit=
[2026-09-12 07:42:01] exit=
[2026-09-12 07:47:01] exit=
[2026-09-12 07:52:01] exit=
[2026-09-12 07:57:01] exit=
[2026-09-12 08:02:01] exit=
[2026-09-12 08:07:01] exit=
[2026-09-12 08:12:01] exit=
[2026-09-12 08:17:01] exit=
[2026-09-12 08:22:01] exit=
[2026-09-12 08:27:01] exit=
[2026-09-12 08:32:01] exit=
[2026-09-12 08:37:01] exit=
[2026-09-12 08:42:01] exit=
[2026-09-12 08:47:01] exit=
[2026-09-12 08:52:01] exit=
[2026-09-12 08:57:01] exit=
[2026-09-12 09:02:01] exit=
[2026-09-12 09:07:01] exit=
[2026-09-12 09:12:01] exit=
[2026-09-12 09:17:01] exit=
[2026-09-12 09:22:01] exit=
[2026-09-12 09:27:01] exit=
[2026-09-12 09:32:01] exit=
[2026-09-12 09:37:01] exit=
[2026-09-12 09:42:01] exit=
[2026-09-12 09:47:01] exit=
[2026-09-12 09:52:01] exit=
[2026-09-12 09:57:01] exit=
[2026-09-12 10:02:01] exit=
[2026-09-12 10:07:01] exit=
[2026-09-12 10:12:01] exit=
[2026-09-12 10:17:02] exit=
[2026-09-12 10:22:02] exit=
[2026-09-12 10:27:01] exit=
[2026-09-12 10:32:01] exit=
[2026-09-12 10:37:01] exit=
[2026-09-12 10:42:02] exit=
[2026-09-12 10:47:02] exit=
[2026-09-12 10:52:02] exit=
[2026-09-12 10:57:01] exit=
[2026-09-12 11:02:02] exit=
[2026-09-12 11:07:02] exit=
[2026-09-12 11:12:02] exit=
[2026-09-12 11:17:02] exit=
[2026-09-12 11:22:02] exit=
[2026-09-12 11:27:02] exit=
[2026-09-12 11:32:02] exit=
[2026-09-12 11:37:02] exit=
[2026-09-12 11:42:02] exit=
[2026-09-12 11:47:02] exit=
[2026-09-12 11:52:02] exit=
[2026-09-12 11:57:02] exit=
[2026-09-12 12:02:02] exit=
[2026-09-12 12:07:02] exit=
[2026-09-12 12:12:02] exit=
[2026-09-12 12:17:02] exit=
[2026-09-12 12:22:02] exit=
[2026-09-12 12:27:02] exit=
[2026-09-12 12:32:02] exit=
[2026-09-12 12:37:02] exit=
[2026-09-12 12:42:02] exit=
[2026-09-12 12:47:02] exit=
[2026-09-12 12:52:02] exit=
[2026-09-12 12:57:02] exit=
[2026-09-12 13:02:02] exit=
[2026-09-12 13:07:02] exit=
[2026-09-12 13:12:02] exit=
[2026-09-12 13:17:02] exit=
[2026-09-12 13:22:02] exit=
[2026-09-12 13:27:02] exit=
[2026-09-12 13:32:02] exit=
[2026-09-12 13:37:02] exit=
[2026-09-12 13:42:02] exit=
[2026-09-12 13:47:02] exit=
[2026-09-12 13:52:02] exit=
[2026-09-12 13:57:02] exit=
[2026-09-12 14:02:02] exit=
[2026-09-12 14:07:02] exit=
[2026-09-12 14:12:02] exit=
[2026-09-12 14:17:02] exit=
[2026-09-12 14:22:02] exit=
[2026-09-12 14:27:02] exit=
[2026-09-12 14:32:02] exit=
[2026-09-12 14:37:02] exit=
[2026-09-12 14:42:02] exit=
[2026-09-12 14:47:02] exit=
[2026-09-12 14:52:02] exit=
[2026-09-12 14:57:02] exit=
[2026-09-12 15:02:02] exit=
[2026-09-12 15:07:02] exit=
[2026-09-12 15:12:02] exit=
[2026-09-12 15:17:02] exit=
[2026-09-12 15:22:02] exit=
[2026-09-12 15:27:02] exit=
[2026-09-12 15:32:02] exit=
[2026-09-12 15:37:02] exit=
[2026-09-12 15:42:02] exit=
[2026-09-12 15:47:02] exit=
[2026-09-12 15:52:02] exit=
[2026-09-12 15:57:01] exit=
[2026-09-12 16:02:01] exit=
[2026-09-12 16:07:01] exit=
[2026-09-12 16:12:01] exit=
[2026-09-12 16:17:01] exit=
[2026-09-12 16:22:01] exit=
[2026-09-12 16:27:01] exit=
[2026-09-12 16:32:01] exit=
[2026-09-12 16:37:01] exit=
[2026-09-12 16:42:01] exit=
[2026-09-12 16:47:01] exit=
[2026-09-12 16:52:01] exit=
[2026-09-12 16:57:01] exit=
[2026-09-12 17:02:01] exit=
[2026-09-12 17:07:01] exit=
[2026-09-12 17:12:01] exit=
[2026-09-12 17:17:01] exit=
[2026-09-12 17:22:01] exit=
[2026-09-12 17:27:01] exit=
[2026-09-12 17:32:01] exit=
[2026-09-12 17:37:01] exit=
[2026-09-12 17:42:01] exit=
[2026-09-12 17:47:01] exit=
[2026-09-12 17:52:01] exit=
[2026-09-12 17:57:02] exit=
[2026-09-12 18:02:01] exit=
[2026-09-12 18:07:01] exit=
[2026-09-12 18:12:01] exit=
[2026-09-12 18:17:01] exit=
[2026-09-12 18:22:01] exit=
[2026-09-12 18:27:01] exit=
[2026-09-12 18:32:01] exit=
[2026-09-12 18:37:01] exit=
[2026-09-12 18:42:01] exit=
[2026-09-12 18:47:01] exit=
[2026-09-12 18:52:01] exit=
[2026-09-12 18:57:01] exit=
[2026-09-12 19:02:01] exit=
[2026-09-12 19:07:01] exit=
[2026-09-12 19:12:01] exit=
[2026-09-12 19:17:01] exit=
[2026-09-12 19:22:01] exit=
[2026-09-12 19:27:01] exit=
[2026-09-12 19:32:01] exit=
[2026-09-12 19:37:01] exit=
[2026-09-12 19:42:01] exit=
[2026-09-12 19:47:01] exit=
[2026-09-12 19:52:01] exit=
[2026-09-12 19:57:01] exit=
[2026-09-12 20:02:01] exit=
[2026-09-12 20:07:01] exit=
[2026-09-12 20:12:01] exit=
[2026-09-12 20:17:01] exit=
[2026-09-12 20:22:01] exit=
[2026-09-12 20:27:01] exit=
[2026-09-12 20:32:01] exit=
[2026-09-12 20:37:01] exit=
[2026-09-12 20:42:01] exit=
[2026-09-12 20:47:01] exit=
[2026-09-12 20:52:01] exit=
[2026-09-12 20:57:01] exit=
[2026-09-12 21:02:02] exit=
[2026-09-12 21:07:02] exit=
[2026-09-12 21:12:02] exit=
[2026-09-12 21:17:02] exit=
[2026-09-12 21:22:02] exit=
[2026-09-12 21:27:02] exit=
[2026-09-12 21:32:02] exit=
[2026-09-12 21:37:02] exit=
[2026-09-12 21:42:02] exit=
[2026-09-12 21:47:02] exit=
[2026-09-12 21:52:02] exit=
[2026-09-12 21:57:02] exit=
[2026-09-12 22:02:02] exit=
[2026-09-12 22:07:02] exit=
[2026-09-12 22:12:02] exit=
[2026-09-12 22:17:02] exit=
[2026-09-12 22:22:02] exit=
[2026-09-12 22:27:02] exit=
[2026-09-12 22:32:02] exit=
[2026-09-12 22:37:02] exit=
[2026-09-12 22:42:02] exit=
[2026-09-12 22:47:02] exit=
[2026-09-12 22:52:02] exit=
[2026-09-12 22:57:02] exit=
[2026-09-12 23:02:02] exit=
[2026-09-12 23:07:02] exit=
[2026-09-12 23:12:02] exit=
[2026-09-12 23:17:02] exit=
[2026-09-12 23:22:02] exit=
[2026-09-12 23:27:02] exit=
[2026-09-12 23:32:02] exit=
[2026-09-12 23:37:02] exit=
[2026-09-12 23:42:02] exit=
[2026-09-12 23:47:02] exit=
[2026-09-12 23:52:02] exit=
[2026-09-12 23:57:02] exit=
[2026-09-13 00:02:02] exit=
[2026-09-13 00:07:02] exit=
[2026-09-13 00:12:02] exit=
[2026-09-13 00:17:02] exit=
[2026-09-13 00:22:02] exit=
[2026-09-13 00:27:02] exit=
[2026-09-13 00:32:02] exit=
[2026-09-13 00:37:02] exit=
[2026-09-13 00:42:02] exit=
[2026-09-13 00:47:02] exit=
[2026-09-13 00:52:02] exit=
[2026-09-13 00:57:02] exit=
[2026-09-13 01:02:02] exit=
[2026-09-13 01:07:02] exit=
[2026-09-13 01:12:02] exit=
[2026-09-13 01:17:02] exit=
[2026-09-13 01:22:02] exit=
[2026-09-13 01:27:02] exit=
[2026-09-13 01:32:02] exit=
[2026-09-13 01:37:02] exit=
[2026-09-13 01:42:02] exit=
[2026-09-13 01:47:02] exit=
[2026-09-13 01:52:01] exit=
[2026-09-13 01:57:01] exit=
[2026-09-13 02:02:01] exit=
[2026-09-13 02:07:01] exit=
[2026-09-13 02:12:01] exit=
[2026-09-13 02:17:01] exit=
[2026-09-13 02:22:01] exit=
[2026-09-13 02:27:01] exit=
[2026-09-13 02:32:01] exit=
[2026-09-13 02:37:01] exit=
[2026-09-13 02:42:01] exit=
[2026-09-13 02:47:01] exit=
[2026-09-13 02:52:01] exit=
[2026-09-13 02:57:01] exit=
[2026-09-13 03:02:01] exit=
[2026-09-13 03:07:01] exit=
[2026-09-13 03:12:01] exit=
[2026-09-13 03:17:01] exit=
[2026-09-13 03:22:01] exit=
[2026-09-13 03:27:01] exit=
[2026-09-13 03:32:01] exit=
[2026-09-13 03:37:01] exit=
[2026-09-13 03:42:01] exit=
[2026-09-13 03:47:01] exit=
[2026-09-13 03:52:01] exit=
[2026-09-13 03:57:01] exit=
[2026-09-13 04:02:01] exit=
[2026-09-13 04:07:01] exit=
[2026-09-13 04:12:01] exit=
[2026-09-13 04:17:01] exit=
[2026-09-13 04:22:01] exit=
[2026-09-13 04:27:01] exit=
[2026-09-13 04:32:01] exit=
[2026-09-13 04:37:01] exit=
[2026-09-13 04:42:01] exit=
[2026-09-13 04:47:01] exit=
[2026-09-13 04:52:01] exit=
[2026-09-13 04:57:01] exit=
[2026-09-13 05:02:01] exit=
[2026-09-13 05:07:01] exit=
[2026-09-13 05:12:01] exit=
[2026-09-13 05:17:01] exit=
[2026-09-13 05:22:01] exit=
[2026-09-13 05:27:01] exit=
[2026-09-13 05:32:01] exit=
[2026-09-13 05:37:01] exit=
[2026-09-13 05:42:01] exit=
[2026-09-13 05:47:01] exit=
[2026-09-13 05:52:02] exit=
[2026-09-13 05:57:01] exit=
[2026-09-13 06:02:02] exit=
[2026-09-13 06:07:01] exit=
[2026-09-13 06:12:02] exit=
[2026-09-13 06:17:01] exit=
[2026-09-13 06:22:02] exit=
[2026-09-13 06:27:02] exit=
[2026-09-13 06:32:02] exit=
[2026-09-13 06:37:01] exit=
[2026-09-13 06:42:02] exit=
[2026-09-13 06:47:01] exit=
[2026-09-13 06:52:02] exit=
[2026-09-13 06:57:02] exit=
[2026-09-13 07:02:02] exit=
[2026-09-13 07:07:02] exit=
[2026-09-13 07:12:02] exit=
[2026-09-13 07:17:02] exit=
[2026-09-13 07:22:02] exit=
[2026-09-13 07:27:02] exit=
[2026-09-13 07:32:02] exit=
[2026-09-13 07:37:02] exit=
[2026-09-13 07:42:02] exit=
[2026-09-13 07:47:02] exit=
[2026-09-13 07:52:02] exit=
[2026-09-13 07:57:02] exit=
[2026-09-13 08:02:02] exit=
[2026-09-13 08:07:02] exit=
[2026-09-13 08:12:02] exit=
[2026-09-13 08:17:02] exit=
[2026-09-13 08:22:02] exit=
[2026-09-13 08:27:02] exit=
[2026-09-13 08:32:02] exit=
[2026-09-13 08:37:02] exit=
[2026-09-13 08:42:02] exit=
[2026-09-13 08:47:02] exit=
[2026-09-13 08:52:02] exit=
[2026-09-13 08:57:02] exit=
[2026-09-13 09:02:02] exit=
[2026-09-13 09:07:02] exit=
[2026-09-13 09:12:02] exit=
[2026-09-13 09:17:02] exit=
[2026-09-13 09:22:02] exit=
[2026-09-13 09:27:02] exit=
[2026-09-13 09:32:02] exit=
[2026-09-13 09:37:02] exit=
[2026-09-13 09:42:02] exit=
[2026-09-13 09:47:02] exit=
[2026-09-13 09:52:02] exit=
[2026-09-13 09:57:02] exit=
[2026-09-13 10:02:02] exit=
[2026-09-13 10:07:02] exit=
[2026-09-13 10:12:02] exit=
[2026-09-13 10:17:02] exit=
[2026-09-13 10:22:02] exit=
[2026-09-13 10:27:02] exit=
[2026-09-13 10:32:02] exit=
[2026-09-13 10:37:02] exit=
[2026-09-13 10:42:02] exit=
[2026-09-13 10:47:02] exit=
[2026-09-13 10:52:02] exit=
[2026-09-13 10:57:02] exit=
[2026-09-13 11:02:02] exit=
[2026-09-13 11:07:02] exit=
[2026-09-13 11:12:02] exit=
[2026-09-13 11:17:02] exit=
[2026-09-13 11:22:02] exit=
[2026-09-13 11:27:02] exit=
[2026-09-13 11:32:02] exit=
[2026-09-13 11:37:02] exit=
[2026-09-13 11:42:02] exit=
[2026-09-13 11:47:02] exit=
[2026-09-13 11:52:02] exit=
[2026-09-13 11:57:02] exit=
[2026-09-13 12:02:02] exit=
[2026-09-13 12:07:02] exit=
[2026-09-13 12:12:02] exit=
[2026-09-13 12:17:02] exit=
[2026-09-13 12:22:02] exit=
[2026-09-13 12:27:02] exit=
[2026-09-13 12:32:02] exit=
[2026-09-13 12:37:02] exit=
[2026-09-13 12:42:02] exit=
[2026-09-13 12:47:01] exit=
[2026-09-13 12:52:01] exit=
[2026-09-13 12:57:01] exit=
[2026-09-13 13:02:01] exit=
[2026-09-13 13:07:01] exit=
[2026-09-13 13:12:01] exit=
[2026-09-13 13:17:01] exit=
[2026-09-13 13:22:01] exit=
[2026-09-13 13:27:01] exit=
[2026-09-13 13:32:01] exit=
[2026-09-13 13:37:01] exit=
[2026-09-13 13:42:01] exit=
[2026-09-13 13:47:01] exit=
[2026-09-13 13:52:01] exit=
[2026-09-13 13:57:01] exit=
[2026-09-13 14:02:01] exit=
[2026-09-13 14:07:01] exit=
[2026-09-13 14:12:01] exit=
[2026-09-13 14:17:01] exit=
[2026-09-13 14:22:01] exit=
[2026-09-13 14:27:01] exit=
[2026-09-13 14:32:01] exit=
[2026-09-13 14:37:01] exit=
[2026-09-13 14:42:01] exit=
[2026-09-13 14:47:01] exit=
[2026-09-13 14:52:01] exit=
[2026-09-13 14:57:01] exit=
[2026-09-13 15:02:01] exit=
[2026-09-13 15:07:01] exit=
[2026-09-13 15:12:01] exit=
[2026-09-13 15:17:01] exit=
[2026-09-13 15:22:01] exit=
[2026-09-13 15:27:01] exit=
[2026-09-13 15:32:01] exit=
[2026-09-13 15:37:01] exit=
[2026-09-13 15:42:01] exit=
[2026-09-13 15:47:01] exit=
[2026-09-13 15:52:01] exit=
[2026-09-13 15:57:01] exit=
[2026-09-13 16:02:01] exit=
[2026-09-13 16:07:01] exit=
[2026-09-13 16:12:01] exit=
[2026-09-13 16:17:01] exit=
[2026-09-13 16:22:01] exit=
[2026-09-13 16:27:01] exit=
[2026-09-13 16:32:01] exit=
[2026-09-13 16:37:01] exit=
[2026-09-13 16:42:01] exit=
[2026-09-13 16:47:01] exit=
[2026-09-13 16:52:01] exit=
[2026-09-13 16:57:01] exit=
[2026-09-13 17:02:01] exit=
[2026-09-13 17:07:01] exit=
[2026-09-13 17:12:01] exit=
[2026-09-13 17:17:01] exit=
[2026-09-13 17:22:02] exit=
[2026-09-13 17:27:01] exit=
[2026-09-13 17:32:01] exit=
[2026-09-13 17:37:01] exit=
[2026-09-13 17:42:01] exit=
[2026-09-13 17:47:01] exit=
[2026-09-13 17:52:01] exit=
[2026-09-13 17:57:01] exit=
[2026-09-13 18:02:02] exit=
[2026-09-13 18:07:01] exit=
[2026-09-13 18:12:02] exit=
[2026-09-13 18:17:01] exit=
[2026-09-13 18:22:02] exit=
[2026-09-13 18:27:01] exit=
[2026-09-13 18:32:02] exit=
[2026-09-13 18:37:02] exit=
[2026-09-13 18:42:02] exit=
[2026-09-13 18:47:02] exit=
[2026-09-13 18:52:02] exit=
[2026-09-13 18:57:02] exit=
[2026-09-13 19:02:02] exit=
[2026-09-13 19:07:02] exit=
[2026-09-13 19:12:02] exit=
[2026-09-13 19:17:02] exit=
[2026-09-13 19:22:02] exit=
[2026-09-13 19:27:02] exit=
[2026-09-13 19:32:02] exit=
[2026-09-13 19:37:02] exit=
[2026-09-13 19:42:02] exit=
[2026-09-13 19:47:02] exit=
[2026-09-13 19:52:02] exit=
[2026-09-13 19:57:02] exit=
[2026-09-13 20:02:02] exit=
[2026-09-13 20:07:02] exit=
[2026-09-13 20:12:02] exit=
[2026-09-13 20:17:02] exit=
[2026-09-13 20:22:02] exit=
[2026-09-13 20:27:02] exit=
[2026-09-13 20:32:02] exit=
[2026-09-13 20:37:02] exit=
[2026-09-13 20:42:02] exit=
[2026-09-13 20:47:02] exit=
[2026-09-13 20:52:02] exit=
[2026-09-13 20:57:02] exit=
[2026-09-13 21:02:02] exit=
[2026-09-13 21:07:02] exit=
[2026-09-13 21:12:02] exit=
[2026-09-13 21:17:02] exit=
[2026-09-13 21:22:02] exit=
[2026-09-13 21:27:02] exit=
[2026-09-13 21:32:02] exit=
[2026-09-13 21:37:02] exit=
[2026-09-13 21:42:02] exit=
[2026-09-13 21:47:02] exit=
[2026-09-13 21:52:02] exit=
[2026-09-13 21:57:02] exit=
[2026-09-13 22:02:02] exit=
[2026-09-13 22:07:02] exit=
[2026-09-13 22:12:02] exit=
[2026-09-13 22:17:02] exit=
[2026-09-13 22:22:02] exit=
[2026-09-13 22:27:02] exit=
[2026-09-13 22:32:02] exit=
[2026-09-13 22:37:02] exit=
[2026-09-13 22:42:02] exit=
[2026-09-13 22:47:02] exit=
[2026-09-13 22:52:02] exit=
[2026-09-13 22:57:02] exit=
[2026-09-13 23:02:02] exit=
[2026-09-13 23:07:02] exit=
[2026-09-13 23:12:02] exit=
[2026-09-13 23:17:02] exit=
[2026-09-13 23:22:02] exit=
[2026-09-13 23:27:02] exit=
[2026-09-13 23:32:02] exit=
[2026-09-13 23:37:01] exit=
[2026-09-13 23:42:01] exit=
[2026-09-13 23:47:01] exit=
[2026-09-13 23:52:01] exit=
[2026-09-13 23:57:01] exit=
[2026-09-14 00:02:01] exit=
[2026-09-14 00:07:01] exit=
[2026-09-14 00:12:01] exit=
[2026-09-14 00:17:01] exit=
[2026-09-14 00:22:01] exit=
[2026-09-14 00:27:01] exit=
[2026-09-14 00:32:01] exit=
[2026-09-14 00:37:01] exit=
[2026-09-14 00:42:01] exit=
[2026-09-14 00:47:01] exit=
[2026-09-14 00:52:01] exit=
[2026-09-14 00:57:01] exit=
[2026-09-14 01:02:01] exit=
[2026-09-14 01:07:01] exit=
[2026-09-14 01:12:01] exit=
[2026-09-14 01:17:01] exit=
[2026-09-14 01:22:01] exit=
[2026-09-14 01:27:01] exit=
[2026-09-14 01:32:01] exit=
[2026-09-14 01:37:01] exit=
[2026-09-14 01:42:01] exit=
[2026-09-14 01:47:01] exit=
[2026-09-14 01:52:01] exit=
[2026-09-14 01:57:01] exit=
[2026-09-14 02:02:01] exit=
[2026-09-14 02:07:01] exit=
[2026-09-14 02:12:01] exit=
[2026-09-14 02:17:01] exit=
[2026-09-14 02:22:01] exit=
[2026-09-14 02:27:01] exit=
[2026-09-14 02:32:01] exit=
[2026-09-14 02:37:01] exit=
[2026-09-14 02:42:01] exit=
[2026-09-14 02:47:01] exit=
[2026-09-14 02:52:01] exit=
[2026-09-14 02:57:01] exit=
[2026-09-14 03:02:01] exit=
[2026-09-14 03:07:01] exit=
[2026-09-14 03:12:01] exit=
[2026-09-14 03:17:01] exit=
[2026-09-14 03:22:01] exit=
[2026-09-14 03:27:01] exit=
[2026-09-14 03:32:01] exit=
[2026-09-14 03:37:01] exit=
[2026-09-14 03:42:01] exit=
[2026-09-14 03:47:01] exit=
[2026-09-14 03:52:01] exit=
[2026-09-14 03:57:01] exit=
[2026-09-14 04:02:02] exit=
[2026-09-14 04:07:02] exit=
[2026-09-14 04:12:02] exit=
[2026-09-14 04:17:02] exit=
[2026-09-14 04:22:02] exit=
[2026-09-14 04:27:01] exit=
[2026-09-14 04:32:01] exit=
[2026-09-14 04:37:02] exit=
[2026-09-14 04:42:02] exit=
[2026-09-14 04:47:02] exit=
[2026-09-14 04:52:02] exit=
[2026-09-14 04:57:02] exit=
[2026-09-14 05:02:02] exit=
[2026-09-14 05:07:02] exit=
[2026-09-14 05:12:02] exit=
[2026-09-14 05:17:02] exit=
[2026-09-14 05:22:02] exit=
[2026-09-14 05:27:02] exit=
[2026-09-14 05:32:02] exit=
[2026-09-14 05:37:02] exit=
[2026-09-14 05:42:02] exit=
[2026-09-14 05:47:02] exit=
[2026-09-14 05:52:02] exit=
[2026-09-14 05:57:02] exit=
[2026-09-14 06:02:02] exit=
[2026-09-14 06:07:02] exit=
[2026-09-14 06:12:02] exit=
[2026-09-14 06:17:02] exit=
[2026-09-14 06:22:02] exit=
[2026-09-14 06:27:02] exit=
[2026-09-14 06:32:02] exit=
[2026-09-14 06:37:02] exit=
[2026-09-14 06:42:02] exit=
[2026-09-14 06:47:02] exit=
[2026-09-14 06:52:02] exit=
[2026-09-14 06:57:02] exit=
[2026-09-14 07:02:02] exit=
[2026-09-14 07:07:02] exit=
[2026-09-14 07:12:02] exit=
[2026-09-14 07:17:02] exit=
[2026-09-14 07:22:02] exit=
[2026-09-14 07:27:02] exit=
[2026-09-14 07:32:02] exit=
[2026-09-14 07:37:02] exit=
[2026-09-14 07:42:02] exit=
[2026-09-14 07:47:02] exit=
[2026-09-14 07:52:02] exit=
[2026-09-14 07:57:02] exit=
[2026-09-14 08:02:02] exit=
[2026-09-14 08:07:02] exit=
[2026-09-14 08:12:02] exit=
[2026-09-14 08:17:02] exit=
[2026-09-14 08:22:02] exit=
[2026-09-14 08:27:02] exit=
[2026-09-14 08:32:02] exit=
[2026-09-14 08:37:02] exit=
[2026-09-14 08:42:02] exit=
[2026-09-14 08:47:02] exit=
[2026-09-14 08:52:02] exit=
[2026-09-14 08:57:02] exit=
[2026-09-14 09:02:02] exit=
[2026-09-14 09:07:02] exit=
[2026-09-14 09:12:02] exit=
[2026-09-14 09:17:01] exit=
[2026-09-14 09:22:01] exit=
[2026-09-14 09:27:01] exit=
[2026-09-14 09:32:01] exit=
[2026-09-14 09:37:01] exit=
[2026-09-14 09:42:01] exit=
[2026-09-14 09:47:01] exit=
[2026-09-14 09:52:01] exit=
[2026-09-14 09:57:01] exit=
[2026-09-14 10:02:01] exit=
[2026-09-14 10:07:01] exit=
[2026-09-14 10:12:01] exit=
[2026-09-14 10:17:01] exit=
[2026-09-14 10:22:01] exit=
[2026-09-14 10:27:01] exit=
[2026-09-14 10:32:01] exit=
[2026-09-14 10:37:01] exit=
[2026-09-14 10:42:01] exit=
[2026-09-14 10:47:01] exit=
[2026-09-14 10:52:01] exit=
[2026-09-14 10:57:01] exit=
[2026-09-14 11:02:01] exit=
[2026-09-14 11:07:01] exit=
[2026-09-14 11:12:01] exit=
[2026-09-14 11:17:01] exit=
[2026-09-14 11:22:01] exit=
[2026-09-14 11:27:01] exit=
[2026-09-14 11:32:01] exit=
[2026-09-14 11:37:01] exit=
[2026-09-14 11:42:01] exit=
[2026-09-14 11:47:01] exit=
[2026-09-14 11:52:01] exit=
[2026-09-14 11:57:01] exit=
[2026-09-14 12:02:01] exit=
[2026-09-14 12:07:01] exit=
[2026-09-14 12:12:01] exit=
[2026-09-14 12:17:01] exit=
[2026-09-14 12:22:01] exit=
[2026-09-14 12:27:01] exit=
[2026-09-14 12:32:01] exit=
[2026-09-14 12:37:01] exit=
[2026-09-14 12:42:01] exit=
[2026-09-14 12:47:01] exit=
[2026-09-14 12:52:01] exit=
[2026-09-14 12:57:01] exit=
[2026-09-14 13:02:01] exit=
[2026-09-14 13:07:01] exit=
[2026-09-14 13:12:01] exit=
[2026-09-14 13:17:01] exit=
[2026-09-14 13:22:01] exit=
[2026-09-14 13:27:01] exit=
[2026-09-14 13:32:01] exit=
[2026-09-14 13:37:01] exit=
[2026-09-14 13:42:01] exit=
[2026-09-14 13:47:02] exit=
[2026-09-14 13:52:01] exit=
[2026-09-14 13:57:01] exit=
[2026-09-14 14:02:02] exit=
[2026-09-14 14:07:01] exit=
[2026-09-14 14:12:02] exit=
[2026-09-14 14:17:01] exit=
[2026-09-14 14:22:02] exit=
[2026-09-14 14:27:01] exit=
[2026-09-14 14:32:02] exit=
[2026-09-14 14:37:01] exit=
[2026-09-14 14:42:02] exit=
[2026-09-14 14:47:01] exit=
[2026-09-14 14:52:02] exit=
[2026-09-14 14:57:02] exit=
[2026-09-14 15:02:02] exit=
[2026-09-14 15:07:01] exit=
[2026-09-14 15:12:01] exit=
[2026-09-14 15:17:02] exit=
[2026-09-14 15:22:02] exit=
[2026-09-14 15:27:02] exit=
[2026-09-14 15:32:02] exit=
[2026-09-14 15:37:02] exit=
[2026-09-14 15:42:02] exit=
[2026-09-14 15:47:02] exit=
[2026-09-14 15:52:02] exit=
[2026-09-14 15:57:02] exit=
[2026-09-14 16:02:02] exit=
[2026-09-14 16:07:02] exit=
[2026-09-14 16:12:02] exit=
[2026-09-14 16:17:02] exit=
[2026-09-14 16:22:02] exit=
[2026-09-14 16:27:02] exit=
[2026-09-14 16:32:02] exit=
[2026-09-14 16:37:02] exit=
[2026-09-14 16:42:02] exit=
[2026-09-14 16:47:02] exit=
[2026-09-14 16:52:02] exit=
[2026-09-14 16:57:02] exit=
[2026-09-14 17:02:02] exit=
[2026-09-14 17:07:02] exit=
[2026-09-14 17:12:02] exit=
[2026-09-14 17:17:02] exit=
[2026-09-14 17:22:02] exit=
[2026-09-14 17:27:02] exit=
[2026-09-14 17:32:02] exit=
[2026-09-14 17:37:02] exit=
[2026-09-14 17:42:02] exit=
[2026-09-14 17:47:02] exit=
[2026-09-14 17:52:02] exit=
[2026-09-14 17:57:02] exit=
[2026-09-14 18:02:02] exit=
[2026-09-14 18:07:02] exit=
[2026-09-14 18:12:02] exit=
[2026-09-14 18:17:02] exit=
[2026-09-14 18:22:02] exit=
[2026-09-14 18:27:02] exit=
[2026-09-14 18:32:02] exit=
[2026-09-14 18:37:02] exit=
[2026-09-14 18:42:02] exit=
[2026-09-14 18:47:02] exit=
[2026-09-14 18:52:02] exit=
[2026-09-14 18:57:02] exit=
[2026-09-14 19:02:02] exit=
[2026-09-14 19:07:02] exit=
[2026-09-14 19:12:02] exit=
[2026-09-14 19:17:02] exit=
[2026-09-14 19:22:02] exit=
[2026-09-14 19:27:02] exit=
[2026-09-14 19:32:02] exit=
[2026-09-14 19:37:02] exit=
[2026-09-14 19:42:02] exit=
[2026-09-14 19:47:02] exit=
[2026-09-14 19:52:01] exit=
[2026-09-14 19:57:01] exit=
[2026-09-14 20:02:01] exit=
[2026-09-14 20:07:01] exit=
[2026-09-14 20:12:01] exit=
[2026-09-14 20:17:01] exit=
[2026-09-14 20:22:01] exit=
[2026-09-14 20:27:01] exit=
[2026-09-14 20:32:01] exit=
[2026-09-14 20:37:01] exit=
[2026-09-14 20:42:01] exit=
[2026-09-14 20:47:01] exit=
[2026-09-14 20:52:01] exit=
[2026-09-14 20:57:01] exit=
[2026-09-14 21:02:01] exit=
[2026-09-14 21:07:01] exit=
[2026-09-14 21:12:01] exit=
[2026-09-14 21:17:01] exit=
[2026-09-14 21:22:01] exit=
[2026-09-14 21:27:01] exit=
[2026-09-14 21:32:01] exit=
[2026-09-14 21:37:01] exit=
[2026-09-14 21:42:01] exit=
[2026-09-14 21:47:01] exit=
[2026-09-14 21:52:01] exit=
[2026-09-14 21:57:01] exit=
[2026-09-14 22:02:01] exit=
[2026-09-14 22:07:01] exit=
[2026-09-14 22:12:01] exit=
[2026-09-14 22:17:01] exit=
[2026-09-14 22:22:01] exit=
[2026-09-14 22:27:01] exit=
[2026-09-14 22:32:01] exit=
[2026-09-14 22:37:01] exit=
[2026-09-14 22:42:01] exit=
[2026-09-14 22:47:01] exit=
[2026-09-14 22:52:01] exit=
[2026-09-14 22:57:01] exit=
[2026-09-14 23:02:01] exit=
[2026-09-14 23:07:01] exit=
[2026-09-14 23:12:01] exit=
[2026-09-14 23:17:01] exit=
[2026-09-14 23:22:01] exit=
[2026-09-14 23:27:01] exit=
[2026-09-14 23:32:01] exit=
[2026-09-14 23:37:01] exit=
[2026-09-14 23:42:01] exit=
[2026-09-14 23:47:01] exit=
[2026-09-14 23:52:01] exit=
[2026-09-14 23:57:01] exit=
[2026-09-15 00:02:01] exit=
[2026-09-15 00:07:02] exit=
[2026-09-15 00:12:01] exit=
[2026-09-15 00:17:01] exit=
[2026-09-15 00:22:02] exit=
[2026-09-15 00:27:02] exit=
[2026-09-15 00:32:02] exit=
[2026-09-15 00:37:02] exit=
[2026-09-15 00:42:02] exit=
[2026-09-15 00:47:01] exit=
[2026-09-15 00:52:02] exit=
[2026-09-15 00:57:02] exit=
[2026-09-15 01:02:02] exit=
[2026-09-15 01:07:02] exit=
[2026-09-15 01:12:02] exit=
[2026-09-15 01:17:02] exit=
[2026-09-15 01:22:02] exit=
[2026-09-15 01:27:02] exit=
[2026-09-15 01:32:02] exit=
[2026-09-15 01:37:02] exit=
[2026-09-15 01:42:02] exit=
[2026-09-15 01:47:02] exit=
[2026-09-15 01:52:02] exit=
[2026-09-15 01:57:02] exit=
[2026-09-15 02:02:02] exit=
[2026-09-15 02:07:02] exit=
[2026-09-15 02:12:02] exit=
[2026-09-15 02:17:02] exit=
[2026-09-15 02:22:02] exit=
[2026-09-15 02:27:02] exit=
[2026-09-15 02:32:02] exit=
[2026-09-15 02:37:02] exit=
[2026-09-15 02:42:02] exit=
[2026-09-15 02:47:02] exit=
[2026-09-15 02:52:02] exit=
[2026-09-15 02:57:02] exit=
[2026-09-15 03:02:02] exit=
[2026-09-15 03:07:02] exit=
[2026-09-15 03:12:02] exit=
[2026-09-15 03:17:02] exit=
[2026-09-15 03:22:02] exit=
[2026-09-15 03:27:02] exit=
[2026-09-15 03:32:02] exit=
[2026-09-15 03:37:02] exit=
[2026-09-15 03:42:02] exit=
[2026-09-15 03:47:02] exit=
[2026-09-15 03:52:02] exit=
[2026-09-15 03:57:02] exit=
[2026-09-15 04:02:02] exit=
[2026-09-15 04:07:02] exit=
[2026-09-15 04:12:02] exit=
[2026-09-15 04:17:02] exit=
[2026-09-15 04:22:02] exit=
[2026-09-15 04:27:02] exit=
[2026-09-15 04:32:02] exit=
[2026-09-15 04:37:02] exit=
[2026-09-15 04:42:02] exit=
[2026-09-15 04:47:02] exit=
[2026-09-15 04:52:02] exit=
[2026-09-15 04:57:02] exit=
[2026-09-15 05:02:01] exit=
[2026-09-15 05:07:01] exit=
[2026-09-15 05:12:01] exit=
[2026-09-15 05:17:01] exit=
[2026-09-15 05:22:01] exit=
[2026-09-15 05:27:01] exit=
[2026-09-15 05:32:01] exit=
[2026-09-15 05:37:01] exit=
[2026-09-15 05:42:01] exit=
[2026-09-15 05:47:01] exit=
[2026-09-15 05:52:01] exit=
[2026-09-15 05:57:01] exit=
