basis序列共 6185 列，2000-01-04..2024-12-31
#60反推出的非標準到期日共 7 個，逐一核對basis收斂情況：

全樣本 |basis_pct| 中位數（對照基準）：0.2530%

  2004-01-27（200401，Tuesday）：basis_pct=-0.2291%  收斂（<中位數）
  2007-02-26（200702，Monday）：basis_pct=-0.0152%  收斂（<中位數）
  2010-02-22（201002，Monday）：basis_pct=-0.0270%  收斂（<中位數）
  2010-06-17（201006，Thursday）：basis_pct=+0.0428%  收斂（<中位數）
  2013-08-22（201308，Thursday）：basis_pct=-0.0177%  收斂（<中位數）
  2015-02-24（201502，Tuesday）：basis_pct=-0.0765%  收斂（<中位數）
  2023-01-30（202301，Monday）：basis_pct=-0.2764%  **未收斂（>=中位數，需留意）**

7個非標準到期日中，6/7 天basis_pct絕對值小於全樣本中位數。

對照：隨機抽7個一般交易日（非結算日）的|basis_pct|：
      date basis_pct
2006-01-13  +0.4437%
2018-08-20  -0.2622%
2010-11-04  +0.1214%
2007-06-05  -0.6020%
2005-11-21  +0.2225%
2005-11-25  -0.2970%
2004-05-14  -0.5594%

對照組|basis_pct|平均：0.3583% vs 7個非標準結算日|basis_pct|平均：0.0978%

holdout check (after): is_holdout_consumed() -> False (OK)
