=== Per (code, year) liquidity, full 2010-2024 (reusing existing cache, zero new API calls) ===
code  year  active_days  mean_volume  liquid
 CCF  2010          236        272.0    True
 CCF  2011          247        260.6    True
 CCF  2012          250        195.2    True
 CCF  2013          246        255.8    True
 CCF  2014          248        639.9    True
 CCF  2015          244       1016.7    True
 CCF  2016          244        498.2    True
 CCF  2017          246       1445.9    True
 CCF  2018          247       1542.6    True
 CCF  2019          242       1031.3    True
 CCF  2020          245       6411.7    True
 CCF  2021          244      23134.0    True
 CCF  2022          246      10025.2    True
 CCF  2023          239       4100.8    True
 CCF  2024          242       3665.3    True
 CDF  2010          236         64.6    True
 CDF  2011          247        192.5    True
 CDF  2012          250        208.5    True
 CDF  2013          246        441.2    True
 CDF  2014          248        779.8    True
 CDF  2015          244       1568.4    True
 CDF  2016          244       1718.0    True
 CDF  2017          246       2471.7    True
 CDF  2018          247       3950.7    True
 CDF  2019          242       4025.8    True
 CDF  2020          245       5788.2    True
 CDF  2021          244       6194.6    True
 CDF  2022          246       7706.3    True
 CDF  2023          239       5179.1    True
 CDF  2024          242       8456.2    True
 EHF  2011          171          5.6   False
 EHF  2012          250          8.3   False
 EHF  2013          246         21.9   False
 EHF  2014          248         23.7   False
 EHF  2015          244         26.6   False
 EHF  2016          244         72.3    True
 EHF  2017          246        144.0    True
 EHF  2018          247         20.4   False
 EHF  2019          242         13.6   False
 EHF  2020          245         16.9   False
 EHF  2021          244         11.9   False
 EHF  2022          246        273.0    True
 EHF  2023          239        406.1    True
 EHF  2024          242        330.1    True
 FYF  2011          171         14.7   False
 FYF  2012          250         75.7    True
 FYF  2013          246         39.9   False
 FYF  2014          248         88.2    True
 FYF  2015          244         24.8   False
 FYF  2016          244         21.2   False
 FYF  2017          236        144.1    True
 FYF  2018          247        714.3    True
 FYF  2019          235        348.5    True
 FYF  2020          245        189.0    True
 FYF  2021          244       1233.5    True
 FYF  2022          246        638.8    True
 FYF  2023          239        273.2    True
 FYF  2024          242         89.8    True
 GMF  2011          171          3.5   False
 GMF  2012          250         20.5   False
 GMF  2013          246         27.7   False
 GMF  2014          248         84.8    True
 GMF  2015          244         88.2    True
 GMF  2016          244         33.7   False
 GMF  2017          246         30.2   False
 GMF  2018          247         15.4   False
 GMF  2019          242         19.0   False
 GMF  2020          245         53.8    True
 GMF  2021          244        159.7    True
 GMF  2022          246         55.1    True
 GMF  2023          239         21.2   False
 GMF  2024          242         98.8    True
 HBF  2011          171          8.9   False
 HBF  2012          250         35.6   False
 HBF  2013          110          8.1   False
 HBF  2018          171       5168.9   False
 HBF  2019          242       1728.0    True
 HBF  2020          245       2015.3    True
 HBF  2021          244        971.3    True
 HBF  2022          246        232.1    True
 HBF  2023          239        426.6    True
 HBF  2024          242        314.2    True
 HQF  2011          171          2.3   False
 HQF  2012          250          4.8   False
 HQF  2013          110          2.7   False
 HQF  2022          174        104.4   False
 HQF  2023          239        338.7    True
 HQF  2024          242        475.4    True
 ITF  2011          171          1.9   False
 ITF  2012          250          9.7   False
 ITF  2013          246          5.9   False
 ITF  2014          248         33.8   False
 ITF  2015          244         11.7   False
 ITF  2016          244          5.2   False
 ITF  2017          246          8.9   False
 ITF  2018          247          3.8   False
 ITF  2019          242         32.3   False
 ITF  2020          245        376.0    True
 ITF  2021          244        669.3    True
 ITF  2022          246        116.7    True
 ITF  2023          239         86.2    True
 ITF  2024          242        173.2    True
 JWF  2011          171          5.0   False
 JWF  2012          250         12.7   False
 JWF  2013          246          6.7   False
 JWF  2014          248          7.4   False
 JWF  2015          244          5.7   False
 JWF  2016          244          7.1   False
 JWF  2017          246         12.2   False
 JWF  2018          247         10.6   False
 JWF  2019          242          5.0   False
 JWF  2020          245          8.0   False
 JWF  2021          244          5.5   False
 JWF  2022          246         15.3   False
 JWF  2023          239         50.7    True
 JWF  2024          242        223.8    True
 KKF  2011          171          4.8   False
 KKF  2012          250         19.6   False
 KKF  2013          246         29.8   False
 KKF  2014          248         29.4   False
 KKF  2015          244         12.4   False
 KKF  2016          244          4.8   False
 KKF  2017          246         25.3   False
 KKF  2018          247       1200.0    True
 KKF  2019          242        218.5    True
 KKF  2020          245         77.8    True
 KKF  2021          244         53.3    True
 KKF  2022          246         24.3   False
 KKF  2023          239         27.8   False
 KKF  2024          242         65.2    True
 NWF  2014          171          7.1   False
 NWF  2015          244         15.8   False
 NWF  2016          244         59.1    True
 NWF  2017          246        153.5    True
 NWF  2018          247         71.7    True
 NWF  2019          242         85.7    True
 NWF  2020          245        184.6    True
 NWF  2021          244        202.4    True
 NWF  2022          246        209.7    True
 NWF  2023          239        212.7    True
 NWF  2024          242        369.4    True
 OLF  2016          130        365.4   False
 OLF  2017          246       1092.7    True
 OLF  2018          247       1604.1    True
 OLF  2019          242       1601.4    True
 OLF  2020          245       1024.6    True
 OLF  2021          244        833.3    True
 OLF  2022          246       1657.3    True
 OLF  2023          239       1300.0    True
 OLF  2024          242       1405.0    True
 PAF  2018          171         86.7   False
 PAF  2019          242        354.5    True
 PAF  2020          245        736.4    True
 PAF  2021          244        228.0    True
 PAF  2022          246         21.2   False
 PAF  2023          239         89.6    True
 PAF  2024          242        496.1    True
 QDF  2021          224         44.2   False
 QDF  2022          246        400.8    True
 QDF  2023          239         98.3    True
 QDF  2024          242         52.8    True
 QRF  2021          106         16.3   False
 QRF  2022          246         99.1    True
 QRF  2023          239        433.2    True
 QRF  2024          242        696.7    True
 RFF  2023          219        129.7    True
 RFF  2024          242        418.8    True
 RUF  2023          105        497.5   False
 RUF  2024          242       1190.5    True
 SXF  2023           10        132.7   False
 SXF  2024          242        113.0    True
 ZFF  2021           19        369.5   False
 ZFF  2022          246        783.0    True
 ZFF  2023          239        681.2    True
 ZFF  2024          242        598.5    True

=== Per-year LIQUID headcount (code passes both thresholds that year) ===
2010: 2 liquid / 19 total candidates
2011: 2 liquid / 19 total candidates
2012: 3 liquid / 19 total candidates
2013: 2 liquid / 19 total candidates
2014: 4 liquid / 19 total candidates
2015: 3 liquid / 19 total candidates
2016: 4 liquid / 19 total candidates
2017: 6 liquid / 19 total candidates
2018: 6 liquid / 19 total candidates
2019: 8 liquid / 19 total candidates
2020: 10 liquid / 19 total candidates
2021: 10 liquid / 19 total candidates
2022: 12 liquid / 19 total candidates
2023: 15 liquid / 19 total candidates
2024: 19 liquid / 19 total candidates

=== Candidate windows ending 2024: min per-year LIQUID headcount across the span ===
2010-2024 (15y): min per-year LIQUID headcount = 2
2011-2024 (14y): min per-year LIQUID headcount = 2
2012-2024 (13y): min per-year LIQUID headcount = 2
2013-2024 (12y): min per-year LIQUID headcount = 2
2014-2024 (11y): min per-year LIQUID headcount = 3
2015-2024 (10y): min per-year LIQUID headcount = 3
2016-2024 ( 9y): min per-year LIQUID headcount = 4
2017-2024 ( 8y): min per-year LIQUID headcount = 6
2018-2024 ( 7y): min per-year LIQUID headcount = 6
2019-2024 ( 6y): min per-year LIQUID headcount = 8
2020-2024 ( 5y): min per-year LIQUID headcount = 10
2021-2024 ( 4y): min per-year LIQUID headcount = 10
2022-2024 ( 3y): min per-year LIQUID headcount = 12
2023-2024 ( 2y): min per-year LIQUID headcount = 15
2024-2024 ( 1y): min per-year LIQUID headcount = 19

=== Per-code: years listed vs years liquid (within 2010-2024 window checked) ===
code  years_checked  years_liquid  pct_liquid
 JWF             14             2        14.3
 HQF              6             2        33.3
 ITF             14             5        35.7
 EHF             14             5        35.7
 KKF             14             5        35.7
 GMF             14             6        42.9
 SXF              2             1        50.0
 RUF              2             1        50.0
 HBF             10             6        60.0
 FYF             14            10        71.4
 PAF              7             5        71.4
 QDF              4             3        75.0
 QRF              4             3        75.0
 ZFF              4             3        75.0
 NWF             11             9        81.8
 OLF              9             8        88.9
 RFF              2             2       100.0
 CDF             15            15       100.0
 CCF             15            15       100.0

Saved: data/fut_stock_futures_liquidity_by_year_round358.csv
