rows=6125 2000-03-30..2024-12-31

=== A. 逐年毛報酬 ===
        n      ret logret share_of_total_log
year                                        
2000  211   -4.51% -0.046              -1.0%
2001  244  +17.94% +0.165               3.7%
2002  248 +151.45% +0.922              20.5%
2003  249  +35.88% +0.307               6.8%
2004  250  +50.65% +0.410               9.1%
2005  247  +25.49% +0.227               5.1%
2006  248  -16.94% -0.186              -4.1%
2007  247  +80.77% +0.592              13.2%
2008  249  +43.82% +0.363               8.1%
2009  251  +26.76% +0.237               5.3%
2010  251   +8.18% +0.079               1.7%
2011  247  +23.66% +0.212               4.7%
2012  250  +22.30% +0.201               4.5%
2013  246  +12.43% +0.117               2.6%
2014  248  +25.03% +0.223               5.0%
2015  244  +19.71% +0.180               4.0%
2016  244   +5.46% +0.053               1.2%
2017  246  +29.62% +0.259               5.8%
2018  247  +14.06% +0.132               2.9%
2019  242  -12.89% -0.138              -3.1%
2020  245   -2.39% -0.024              -0.5%
2021  244  +24.47% +0.219               4.9%
2022  246   -4.20% -0.043              -1.0%
2023  239   +3.58% +0.035               0.8%
2024  242   -0.57% -0.006              -0.1%
  逐年為正比例=76.0% (19/25)；單一年份最大佔比=20.5%（2002）
  排除2000-2002: 年化平均毛報酬=+18.14%，終值=31.512x
  2003起: 年化平均毛報酬=+18.14%，終值=31.512x

=== B. 多頭/空頭 regime（現貨 vs 前一日200MA）===
  bull: n=3962 年化平均毛報酬=+15.74% 日勝率=52.3%
  bear: n=2023 年化平均毛報酬=+30.66% 日勝率=51.7%

=== C. 年代 ===
  2000-2005: n=1449 終值=7.275x 年化平均毛報酬=+38.91%
  2006-2012: n=1743 終值=4.478x 年化平均毛報酬=+24.90%
  2013-2020: n=1962 終值=2.231x 年化平均毛報酬=+11.41%
  2021-2024: n=971 終值=1.228x 年化平均毛報酬=+7.14%

判準：1逐年為正>=60% PASS；2單年佔比<=40% PASS；3兩regime皆正 PASS；年代終值>1：4/4
總判定： 原判定確認穩健
