樣本：300檔(SEED=20260822)，跟#29/#11/#17/#28共用同一個300檔宇宙
  234/300檔通過最低歷史長度門檻(500交易日)
最終panel：159檔股票 x 2498個交易日（2015-01-02..2024-12-31），視窗頭尾涵蓋度篩選(存活者偏差，見docstring)

再平衡事件數：116次（21交易日一次，需累積滿60日才開始算波動度，前面幾次再平衡點理論上會被跳過）
每次拉回後的權重離散度(std)平均：0.00425（>0代表各股波動度確實不同、拉回動作不是no-op；若接近0代表個股波動度幾乎完全相同，加權跟等權重沒有實質差異，需要另外檢查資料是否有問題）

報酬序列NaN檢查：0（應為0）  Inf檢查：0（應為0）

=== TRAIN(2015-01-01..2020-12-31) (1526個交易日) ===
  buyhold(等權起始,不再平衡):       total_return=+66.14%  ann_vol=13.45%  sharpe=+0.691  mdd=-29.08%
  invvol(每21日拉回反向波動度權重): total_return=+105.76%  ann_vol=10.63%  sharpe=+1.175  mdd=-25.77%
  波動度比值(invvol/buyhold)：0.7903（sanity基本前提：必須<1.0，代表加權後組合波動度確實低於等權重版本；此輪僅sanity方向檢查，不是最終判定——第2關以後才會用隨機控制組跟alpha顯著性正式判定）

=== VAL(2020-12-31..2024-12-31) (971個交易日) ===
  buyhold(等權起始,不再平衡):       total_return=+83.58%  ann_vol=16.53%  sharpe=+1.037  mdd=-18.70%
  invvol(每21日拉回反向波動度權重): total_return=+94.52%  ann_vol=11.86%  sharpe=+1.516  mdd=-13.85%
  波動度比值(invvol/buyhold)：0.7175（sanity基本前提：必須<1.0，代表加權後組合波動度確實低於等權重版本；此輪僅sanity方向檢查，不是最終判定——第2關以後才會用隨機控制組跟alpha顯著性正式判定）

=== FULL(2015-01-01..2024-12-31) (2497個交易日) ===
  buyhold(等權起始,不再平衡):       total_return=+204.99%  ann_vol=14.72%  sharpe=+0.839  mdd=-29.08%
  invvol(每21日拉回反向波動度權重): total_return=+300.25%  ann_vol=11.12%  sharpe=+1.315  mdd=-25.77%
  波動度比值(invvol/buyhold)：0.7555（sanity基本前提：必須<1.0，代表加權後組合波動度確實低於等權重版本；此輪僅sanity方向檢查，不是最終判定——第2關以後才會用隨機控制組跟alpha顯著性正式判定）

=== SANITY基本前提檢查 ===
三個期間(TRAIN/VAL/FULL)波動度比值皆<1.0：PASS

逐日報酬序列已存 data\inverse_vol_weighted_portfolio_gate58_daily_returns.csv（gitignored，供下一輪接續分析用）
