載入共用樣本面板（五個目標共用同一份 300 檔樣本）...
  248 檔可用，耗時 393 秒
  f52w_high_portfolio_v1 VALIDATION phase= 5/20: 報酬= +56.12%  MDD=  -8.65%  trades= 598  (19s)
  f52w_high_portfolio_v1 VALIDATION phase= 6/20: 報酬= +59.05%  MDD= -10.41%  trades= 585  (19s)
載入共用樣本面板（五個目標共用同一份 300 檔樣本）...
  248 檔可用，耗時 257 秒
  f52w_high_portfolio_v1 VALIDATION phase= 7/20: 報酬= +53.01%  MDD=  -9.88%  trades= 593  (18s)
  f52w_high_portfolio_v1 VALIDATION phase= 8/20: 報酬= +67.17%  MDD=  -7.68%  trades= 586  (19s)
  f52w_high_portfolio_v1 VALIDATION phase= 9/20: 報酬= +66.82%  MDD=  -8.29%  trades= 584  (17s)
  f52w_high_portfolio_v1 VALIDATION phase=10/20: 報酬= +70.92%  MDD=  -7.24%  trades= 581  (17s)
  f52w_high_portfolio_v1 VALIDATION phase=11/20: 報酬= +67.65%  MDD=  -9.10%  trades= 566  (17s)
  f52w_high_portfolio_v1 VALIDATION phase=12/20: 報酬= +54.15%  MDD=  -8.83%  trades= 575  (17s)
  f52w_high_portfolio_v1 VALIDATION phase=13/20: 報酬= +49.70%  MDD= -13.21%  trades= 564  (18s)
  f52w_high_portfolio_v1 VALIDATION phase=14/20: 報酬= +42.98%  MDD= -11.57%  trades= 584  (18s)
  f52w_high_portfolio_v1 VALIDATION phase=15/20: 報酬= +38.24%  MDD= -17.10%  trades= 604  (18s)
  f52w_high_portfolio_v1 VALIDATION phase=16/20: 報酬= +46.39%  MDD= -13.48%  trades= 602  (18s)
  f52w_high_portfolio_v1 VALIDATION phase=17/20: 報酬= +52.44%  MDD= -11.70%  trades= 538  (18s)
  f52w_high_portfolio_v1 VALIDATION phase=18/20: 報酬= +53.72%  MDD= -13.91%  trades= 585  (17s)
  f52w_high_portfolio_v1 VALIDATION phase=19/20: 報酬= +56.67%  MDD= -13.40%  trades= 612  (18s)
  f52w_high_portfolio_v1 VALIDATION phase=20/20: 報酬= +49.39%  MDD= -13.08%  trades= 555  (17s)
  dividend_yield_portfolio_v1 TRAIN phase= 0/20: 報酬= +69.18%  MDD= -24.10%  trades= 409  (25s)
  dividend_yield_portfolio_v1 TRAIN phase= 1/20: 報酬= +64.83%  MDD= -23.92%  trades= 419  (25s)
  dividend_yield_portfolio_v1 TRAIN phase= 2/20: 報酬= +56.83%  MDD= -22.28%  trades= 434  (27s)
  dividend_yield_portfolio_v1 TRAIN phase= 3/20: 報酬= +61.05%  MDD= -21.69%  trades= 416  (25s)
  dividend_yield_portfolio_v1 TRAIN phase= 4/20: 報酬= +75.21%  MDD= -21.78%  trades= 419  (24s)
  dividend_yield_portfolio_v1 TRAIN phase= 5/20: 報酬= +57.96%  MDD= -21.20%  trades= 417  (24s)
  dividend_yield_portfolio_v1 TRAIN phase= 6/20: 報酬= +57.38%  MDD= -22.11%  trades= 417  (23s)
  dividend_yield_portfolio_v1 TRAIN phase= 7/20: 報酬= +67.42%  MDD= -22.80%  trades= 410  (24s)
  dividend_yield_portfolio_v1 TRAIN phase= 8/20: 報酬= +63.81%  MDD= -19.63%  trades= 448  (24s)
  dividend_yield_portfolio_v1 TRAIN phase= 9/20: 報酬= +64.29%  MDD= -20.06%  trades= 452  (24s)
  dividend_yield_portfolio_v1 TRAIN phase=10/20: 報酬= +62.52%  MDD= -19.51%  trades= 439  (24s)
  dividend_yield_portfolio_v1 TRAIN phase=11/20: 報酬= +81.30%  MDD= -19.69%  trades= 471  (25s)
  dividend_yield_portfolio_v1 TRAIN phase=12/20: 報酬= +56.58%  MDD= -19.56%  trades= 474  (24s)
  dividend_yield_portfolio_v1 TRAIN phase=13/20: 報酬= +67.31%  MDD= -20.30%  trades= 454  (24s)
  dividend_yield_portfolio_v1 TRAIN phase=14/20: 報酬= +70.03%  MDD= -19.73%  trades= 482  (25s)
  dividend_yield_portfolio_v1 TRAIN phase=15/20: 報酬= +70.49%  MDD= -21.03%  trades= 420  (26s)
  dividend_yield_portfolio_v1 TRAIN phase=16/20: 報酬= +74.28%  MDD= -20.55%  trades= 425  (25s)
  dividend_yield_portfolio_v1 TRAIN phase=17/20: 報酬= +74.60%  MDD= -20.34%  trades= 428  (24s)
  dividend_yield_portfolio_v1 TRAIN phase=18/20: 報酬= +68.35%  MDD= -20.38%  trades= 463  (24s)
  dividend_yield_portfolio_v1 TRAIN phase=19/20: 報酬= +71.49%  MDD= -22.59%  trades= 412  (24s)
  dividend_yield_portfolio_v1 TRAIN phase=20/20: 報酬= +63.87%  MDD= -25.29%  trades= 447  (23s)
  dividend_yield_portfolio_v1 VALIDATION phase= 0/20: 報酬= +66.18%  MDD= -16.54%  trades= 310  (17s)
  dividend_yield_portfolio_v1 VALIDATION phase= 1/20: 報酬= +65.58%  MDD= -15.87%  trades= 308  (17s)
  dividend_yield_portfolio_v1 VALIDATION phase= 2/20: 報酬= +66.77%  MDD= -16.62%  trades= 299  (17s)
  dividend_yield_portfolio_v1 VALIDATION phase= 3/20: 報酬= +74.54%  MDD= -14.72%  trades= 314  (17s)
  dividend_yield_portfolio_v1 VALIDATION phase= 4/20: 報酬= +77.24%  MDD= -17.20%  trades= 308  (16s)
  dividend_yield_portfolio_v1 VALIDATION phase= 5/20: 報酬= +79.70%  MDD= -17.06%  trades= 308  (16s)
  dividend_yield_portfolio_v1 VALIDATION phase= 6/20: 報酬= +78.15%  MDD= -15.58%  trades= 310  (17s)
  dividend_yield_portfolio_v1 VALIDATION phase= 7/20: 報酬= +77.81%  MDD= -16.22%  trades= 321  (17s)
  dividend_yield_portfolio_v1 VALIDATION phase= 8/20: 報酬= +63.70%  MDD= -15.32%  trades= 293  (17s)
  dividend_yield_portfolio_v1 VALIDATION phase= 9/20: 報酬= +69.37%  MDD= -15.96%  trades= 292  (18s)
  dividend_yield_portfolio_v1 VALIDATION phase=10/20: 報酬= +69.58%  MDD= -14.70%  trades= 292  (17s)
  dividend_yield_portfolio_v1 VALIDATION phase=11/20: 報酬= +70.40%  MDD= -15.67%  trades= 298  (15s)
  dividend_yield_portfolio_v1 VALIDATION phase=12/20: 報酬= +65.71%  MDD= -15.66%  trades= 291  (16s)
  dividend_yield_portfolio_v1 VALIDATION phase=13/20: 報酬= +72.42%  MDD= -16.12%  trades= 304  (16s)
  dividend_yield_portfolio_v1 VALIDATION phase=14/20: 報酬= +71.91%  MDD= -12.44%  trades= 346  (16s)
  dividend_yield_portfolio_v1 VALIDATION phase=15/20: 報酬= +64.65%  MDD= -15.89%  trades= 303  (16s)
  dividend_yield_portfolio_v1 VALIDATION phase=16/20: 報酬= +65.17%  MDD= -15.58%  trades= 316  (17s)
  dividend_yield_portfolio_v1 VALIDATION phase=17/20: 報酬= +67.39%  MDD= -16.32%  trades= 316  (17s)
  dividend_yield_portfolio_v1 VALIDATION phase=18/20: 報酬= +72.31%  MDD= -15.78%  trades= 318  (16s)
  dividend_yield_portfolio_v1 VALIDATION phase=19/20: 報酬= +66.06%  MDD= -15.67%  trades= 314  (16s)
  dividend_yield_portfolio_v1 VALIDATION phase=20/20: 報酬= +69.97%  MDD= -14.78%  trades= 310  (16s)
  pead_portfolio_v1 TRAIN phase= 0/20: 報酬= +79.18%  MDD= -21.00%  trades= 839  (29s)
  pead_portfolio_v1 TRAIN phase= 1/20: 報酬= +81.22%  MDD= -18.98%  trades= 836  (27s)
  pead_portfolio_v1 TRAIN phase= 2/20: 報酬= +73.09%  MDD= -19.58%  trades= 836  (29s)
  pead_portfolio_v1 TRAIN phase= 3/20: 報酬= +74.90%  MDD= -19.91%  trades= 830  (28s)
  pead_portfolio_v1 TRAIN phase= 4/20: 報酬= +73.14%  MDD= -20.47%  trades= 843  (30s)
  pead_portfolio_v1 TRAIN phase= 5/20: 報酬= +87.89%  MDD= -20.23%  trades= 825  (28s)
  pead_portfolio_v1 TRAIN phase= 6/20: 報酬=+106.28%  MDD= -18.60%  trades= 827  (28s)
  pead_portfolio_v1 TRAIN phase= 7/20: 報酬= +95.23%  MDD= -19.35%  trades= 833  (29s)
  pead_portfolio_v1 TRAIN phase= 8/20: 報酬=+110.99%  MDD= -18.63%  trades= 839  (29s)
  pead_portfolio_v1 TRAIN phase= 9/20: 報酬=+107.29%  MDD= -19.98%  trades= 841  (28s)
  pead_portfolio_v1 TRAIN phase=10/20: 報酬=+121.58%  MDD= -19.54%  trades= 813  (29s)
  pead_portfolio_v1 TRAIN phase=11/20: 報酬=+104.10%  MDD= -19.40%  trades= 851  (28s)
  pead_portfolio_v1 TRAIN phase=12/20: 報酬= +93.99%  MDD= -17.29%  trades= 868  (29s)
  pead_portfolio_v1 TRAIN phase=13/20: 報酬= +95.05%  MDD= -18.50%  trades= 854  (29s)
  pead_portfolio_v1 TRAIN phase=14/20: 報酬=+100.95%  MDD= -18.59%  trades= 858  (31s)
  pead_portfolio_v1 TRAIN phase=15/20: 報酬= +94.00%  MDD= -19.02%  trades= 830  (29s)
  pead_portfolio_v1 TRAIN phase=16/20: 報酬= +84.51%  MDD= -20.88%  trades= 830  (29s)
  pead_portfolio_v1 TRAIN phase=17/20: 報酬= +69.31%  MDD= -22.06%  trades= 844  (28s)
  pead_portfolio_v1 TRAIN phase=18/20: 報酬= +82.18%  MDD= -20.70%  trades= 836  (32s)
  pead_portfolio_v1 TRAIN phase=19/20: 報酬= +73.26%  MDD= -18.81%  trades= 820  (34s)
  pead_portfolio_v1 TRAIN phase=20/20: 報酬= +70.11%  MDD= -20.77%  trades= 839  (30s)
  pead_portfolio_v1 VALIDATION phase= 0/20: 報酬= +11.99%  MDD= -19.50%  trades= 593  (21s)
  pead_portfolio_v1 VALIDATION phase= 1/20: 報酬=  +7.99%  MDD= -21.10%  trades= 581  (21s)
  pead_portfolio_v1 VALIDATION phase= 2/20: 報酬= +10.48%  MDD= -20.24%  trades= 596  (21s)
  pead_portfolio_v1 VALIDATION phase= 3/20: 報酬= +12.56%  MDD= -18.96%  trades= 560  (20s)
  pead_portfolio_v1 VALIDATION phase= 4/20: 報酬=  +7.73%  MDD= -20.03%  trades= 568  (20s)
  pead_portfolio_v1 VALIDATION phase= 5/20: 報酬= +14.52%  MDD= -18.50%  trades= 564  (22s)
  pead_portfolio_v1 VALIDATION phase= 6/20: 報酬= +23.92%  MDD= -15.79%  trades= 566  (20s)
  pead_portfolio_v1 VALIDATION phase= 7/20: 報酬= +26.35%  MDD= -16.11%  trades= 560  (20s)
  pead_portfolio_v1 VALIDATION phase= 8/20: 報酬= +30.35%  MDD= -18.30%  trades= 562  (19s)
  pead_portfolio_v1 VALIDATION phase= 9/20: 報酬= +31.01%  MDD= -17.13%  trades= 562  (20s)
  pead_portfolio_v1 VALIDATION phase=10/20: 報酬= +47.03%  MDD= -14.57%  trades= 543  (20s)
  pead_portfolio_v1 VALIDATION phase=11/20: 報酬= +47.62%  MDD= -16.27%  trades= 547  (20s)
  pead_portfolio_v1 VALIDATION phase=12/20: 報酬= +39.69%  MDD= -15.18%  trades= 560  (20s)
  pead_portfolio_v1 VALIDATION phase=13/20: 報酬= +22.64%  MDD= -16.51%  trades= 590  (21s)
  pead_portfolio_v1 VALIDATION phase=14/20: 報酬=  +7.88%  MDD= -20.55%  trades= 593  (20s)
  pead_portfolio_v1 VALIDATION phase=15/20: 報酬= +33.17%  MDD= -14.81%  trades= 573  (20s)
  pead_portfolio_v1 VALIDATION phase=16/20: 報酬= +35.86%  MDD= -13.91%  trades= 575  (20s)
  pead_portfolio_v1 VALIDATION phase=17/20: 報酬= +32.61%  MDD= -14.83%  trades= 574  (20s)
  pead_portfolio_v1 VALIDATION phase=18/20: 報酬= +34.94%  MDD= -15.41%  trades= 563  (22s)
  pead_portfolio_v1 VALIDATION phase=19/20: 報酬= +36.42%  MDD= -14.44%  trades= 570  (22s)
  pead_portfolio_v1 VALIDATION phase=20/20: 報酬= +42.22%  MDD= -14.85%  trades= 572  (21s)
  short_sale_utilization_portfolio_v1 TRAIN phase= 0/20: 報酬= +59.53%  MDD= -18.12%  trades= 793  (22s)
  short_sale_utilization_portfolio_v1 TRAIN phase= 1/20: 報酬= +61.75%  MDD= -19.99%  trades= 834  (22s)
  short_sale_utilization_portfolio_v1 TRAIN phase= 2/20: 報酬= +51.09%  MDD= -20.85%  trades= 823  (22s)
  short_sale_utilization_portfolio_v1 TRAIN phase= 3/20: 報酬= +41.50%  MDD= -23.19%  trades= 837  (22s)
  short_sale_utilization_portfolio_v1 TRAIN phase= 4/20: 報酬= +30.11%  MDD= -24.74%  trades= 840  (22s)
  short_sale_utilization_portfolio_v1 TRAIN phase= 5/20: 報酬= +47.63%  MDD= -20.21%  trades= 832  (22s)
  short_sale_utilization_portfolio_v1 TRAIN phase= 6/20: 報酬= +44.33%  MDD= -22.12%  trades= 830  (22s)
  short_sale_utilization_portfolio_v1 TRAIN phase= 7/20: 報酬= +50.57%  MDD= -22.08%  trades= 823  (23s)
  short_sale_utilization_portfolio_v1 TRAIN phase= 8/20: 報酬= +37.86%  MDD= -22.26%  trades= 822  (21s)
  short_sale_utilization_portfolio_v1 TRAIN phase= 9/20: 報酬= +44.52%  MDD= -21.11%  trades= 850  (22s)
  short_sale_utilization_portfolio_v1 TRAIN phase=10/20: 報酬= +71.29%  MDD= -22.61%  trades= 804  (21s)
  short_sale_utilization_portfolio_v1 TRAIN phase=11/20: 報酬= +87.37%  MDD= -16.48%  trades= 780  (21s)
  short_sale_utilization_portfolio_v1 TRAIN phase=12/20: 報酬= +59.98%  MDD= -17.24%  trades= 858  (24s)
  short_sale_utilization_portfolio_v1 TRAIN phase=13/20: 報酬= +55.03%  MDD= -19.51%  trades= 851  (22s)
  short_sale_utilization_portfolio_v1 TRAIN phase=14/20: 報酬= +56.83%  MDD= -17.10%  trades= 827  (22s)
  short_sale_utilization_portfolio_v1 TRAIN phase=15/20: 報酬= +42.49%  MDD= -19.26%  trades= 840  (22s)
  short_sale_utilization_portfolio_v1 TRAIN phase=16/20: 報酬= +56.68%  MDD= -19.02%  trades= 853  (22s)
  short_sale_utilization_portfolio_v1 TRAIN phase=17/20: 報酬= +40.88%  MDD= -19.85%  trades= 865  (22s)
  short_sale_utilization_portfolio_v1 TRAIN phase=18/20: 報酬= +36.19%  MDD= -19.15%  trades= 855  (21s)
  short_sale_utilization_portfolio_v1 TRAIN phase=19/20: 報酬= +48.86%  MDD= -19.98%  trades= 796  (21s)
  short_sale_utilization_portfolio_v1 TRAIN phase=20/20: 報酬= +44.39%  MDD= -21.43%  trades= 808  (22s)
  short_sale_utilization_portfolio_v1 VALIDATION phase= 0/20: 報酬= +72.46%  MDD=  -9.18%  trades= 520  (16s)
  short_sale_utilization_portfolio_v1 VALIDATION phase= 1/20: 報酬= +71.95%  MDD=  -8.55%  trades= 508  (14s)
  short_sale_utilization_portfolio_v1 VALIDATION phase= 2/20: 報酬= +68.68%  MDD=  -8.28%  trades= 514  (15s)
  short_sale_utilization_portfolio_v1 VALIDATION phase= 3/20: 報酬= +64.47%  MDD= -10.04%  trades= 483  (15s)
  short_sale_utilization_portfolio_v1 VALIDATION phase= 4/20: 報酬= +62.09%  MDD=  -9.89%  trades= 473  (14s)
  short_sale_utilization_portfolio_v1 VALIDATION phase= 5/20: 報酬= +61.80%  MDD=  -9.77%  trades= 504  (15s)
  short_sale_utilization_portfolio_v1 VALIDATION phase= 6/20: 報酬= +60.02%  MDD= -14.06%  trades= 480  (14s)
  short_sale_utilization_portfolio_v1 VALIDATION phase= 7/20: 報酬= +59.31%  MDD= -15.25%  trades= 491  (15s)
  short_sale_utilization_portfolio_v1 VALIDATION phase= 8/20: 報酬= +66.21%  MDD=  -9.73%  trades= 445  (15s)
  short_sale_utilization_portfolio_v1 VALIDATION phase= 9/20: 報酬= +65.50%  MDD=  -9.32%  trades= 445  (15s)
  short_sale_utilization_portfolio_v1 VALIDATION phase=10/20: 報酬= +68.91%  MDD=  -8.62%  trades= 465  (14s)
  short_sale_utilization_portfolio_v1 VALIDATION phase=11/20: 報酬= +55.45%  MDD= -14.39%  trades= 461  (14s)
  short_sale_utilization_portfolio_v1 VALIDATION phase=12/20: 報酬= +53.17%  MDD= -15.66%  trades= 473  (14s)
  short_sale_utilization_portfolio_v1 VALIDATION phase=13/20: 報酬= +60.08%  MDD= -15.67%  trades= 477  (14s)
  short_sale_utilization_portfolio_v1 VALIDATION phase=14/20: 報酬= +72.15%  MDD= -13.86%  trades= 487  (14s)
  short_sale_utilization_portfolio_v1 VALIDATION phase=15/20: 報酬= +69.26%  MDD= -13.46%  trades= 471  (13s)
  short_sale_utilization_portfolio_v1 VALIDATION phase=16/20: 報酬= +79.34%  MDD= -12.39%  trades= 461  (14s)
  short_sale_utilization_portfolio_v1 VALIDATION phase=17/20: 報酬= +72.49%  MDD= -13.17%  trades= 467  (14s)
  short_sale_utilization_portfolio_v1 VALIDATION phase=18/20: 報酬= +73.03%  MDD= -13.53%  trades= 484  (15s)
  short_sale_utilization_portfolio_v1 VALIDATION phase=19/20: 報酬= +58.15%  MDD=  -9.19%  trades= 477  (14s)
  short_sale_utilization_portfolio_v1 VALIDATION phase=20/20: 報酬= +64.97%  MDD=  -8.45%  trades= 455  (14s)
  margin_utilization_regime_portfolio_v1 TRAIN phase= 0/20: 報酬= -16.97%  MDD= -46.58%  trades= 400  (20s)
  margin_utilization_regime_portfolio_v1 TRAIN phase= 1/20: 報酬= -13.36%  MDD= -49.02%  trades= 451  (19s)
  margin_utilization_regime_portfolio_v1 TRAIN phase= 2/20: 報酬= -11.21%  MDD= -40.97%  trades= 537  (21s)
  margin_utilization_regime_portfolio_v1 TRAIN phase= 3/20: 報酬=  +0.40%  MDD= -35.83%  trades= 599  (20s)
  margin_utilization_regime_portfolio_v1 TRAIN phase= 4/20: 報酬= -28.02%  MDD= -51.86%  trades= 497  (21s)
  margin_utilization_regime_portfolio_v1 TRAIN phase= 5/20: 報酬= -14.14%  MDD= -48.66%  trades= 470  (22s)
  margin_utilization_regime_portfolio_v1 TRAIN phase= 6/20: 報酬=  -8.11%  MDD= -41.25%  trades= 575  (21s)
  margin_utilization_regime_portfolio_v1 TRAIN phase= 7/20: 報酬= -12.87%  MDD= -47.81%  trades= 562  (21s)
  margin_utilization_regime_portfolio_v1 TRAIN phase= 8/20: 報酬= -22.98%  MDD= -52.28%  trades= 537  (21s)
  margin_utilization_regime_portfolio_v1 TRAIN phase= 9/20: 報酬=  -5.88%  MDD= -44.66%  trades= 569  (20s)
  margin_utilization_regime_portfolio_v1 TRAIN phase=10/20: 報酬= -19.97%  MDD= -46.06%  trades= 518  (21s)
  margin_utilization_regime_portfolio_v1 TRAIN phase=11/20: 報酬= -14.61%  MDD= -44.65%  trades= 494  (21s)
  margin_utilization_regime_portfolio_v1 TRAIN phase=12/20: 報酬= -25.26%  MDD= -49.28%  trades= 423  (21s)
  margin_utilization_regime_portfolio_v1 TRAIN phase=13/20: 報酬= -13.12%  MDD= -43.73%  trades= 532  (22s)
  margin_utilization_regime_portfolio_v1 TRAIN phase=14/20: 報酬= -11.29%  MDD= -45.48%  trades= 596  (21s)
  margin_utilization_regime_portfolio_v1 TRAIN phase=15/20: 報酬= -33.16%  MDD= -51.62%  trades= 416  (21s)
  margin_utilization_regime_portfolio_v1 TRAIN phase=16/20: 報酬= -16.56%  MDD= -46.62%  trades= 418  (21s)
  margin_utilization_regime_portfolio_v1 TRAIN phase=17/20: 報酬= -21.78%  MDD= -44.53%  trades= 404  (20s)
  margin_utilization_regime_portfolio_v1 TRAIN phase=18/20: 報酬= -25.71%  MDD= -52.19%  trades= 437  (20s)
  margin_utilization_regime_portfolio_v1 TRAIN phase=19/20: 報酬= -22.14%  MDD= -43.26%  trades= 404  (22s)
  margin_utilization_regime_portfolio_v1 TRAIN phase=20/20: 報酬= -24.16%  MDD= -41.22%  trades= 501  (21s)
  margin_utilization_regime_portfolio_v1 VALIDATION phase= 0/20: 報酬= +65.20%  MDD= -31.43%  trades= 396  (14s)
  margin_utilization_regime_portfolio_v1 VALIDATION phase= 1/20: 報酬= +50.99%  MDD= -31.68%  trades= 404  (14s)
  margin_utilization_regime_portfolio_v1 VALIDATION phase= 2/20: 報酬= +57.84%  MDD= -31.85%  trades= 406  (15s)
  margin_utilization_regime_portfolio_v1 VALIDATION phase= 3/20: 報酬= +53.99%  MDD= -31.24%  trades= 392  (14s)
  margin_utilization_regime_portfolio_v1 VALIDATION phase= 4/20: 報酬= +50.00%  MDD= -32.64%  trades= 385  (14s)
  margin_utilization_regime_portfolio_v1 VALIDATION phase= 5/20: 報酬= +46.13%  MDD= -31.86%  trades= 403  (14s)
  margin_utilization_regime_portfolio_v1 VALIDATION phase= 6/20: 報酬= +47.08%  MDD= -29.99%  trades= 399  (14s)
  margin_utilization_regime_portfolio_v1 VALIDATION phase= 7/20: 報酬= +34.79%  MDD= -32.97%  trades= 404  (14s)
  margin_utilization_regime_portfolio_v1 VALIDATION phase= 8/20: 報酬= +32.99%  MDD= -32.40%  trades= 415  (15s)
  margin_utilization_regime_portfolio_v1 VALIDATION phase= 9/20: 報酬= +42.30%  MDD= -32.42%  trades= 405  (14s)
  margin_utilization_regime_portfolio_v1 VALIDATION phase=10/20: 報酬= +40.61%  MDD= -34.82%  trades= 435  (15s)
  margin_utilization_regime_portfolio_v1 VALIDATION phase=11/20: 報酬= +66.63%  MDD= -33.39%  trades= 441  (14s)
  margin_utilization_regime_portfolio_v1 VALIDATION phase=12/20: 報酬= +74.14%  MDD= -33.33%  trades= 408  (14s)
  margin_utilization_regime_portfolio_v1 VALIDATION phase=13/20: 報酬= +35.99%  MDD= -36.23%  trades= 466  (15s)
  margin_utilization_regime_portfolio_v1 VALIDATION phase=14/20: 報酬= +20.09%  MDD= -29.82%  trades= 461  (15s)
  margin_utilization_regime_portfolio_v1 VALIDATION phase=15/20: 報酬= +44.27%  MDD= -38.43%  trades= 437  (14s)
  margin_utilization_regime_portfolio_v1 VALIDATION phase=16/20: 報酬= +70.90%  MDD= -33.32%  trades= 396  (14s)
  margin_utilization_regime_portfolio_v1 VALIDATION phase=17/20: 報酬= +63.48%  MDD= -30.74%  trades= 395  (15s)
  margin_utilization_regime_portfolio_v1 VALIDATION phase=18/20: 報酬= +50.20%  MDD= -37.68%  trades= 430  (15s)
  margin_utilization_regime_portfolio_v1 VALIDATION phase=19/20: 報酬= +48.64%  MDD= -38.25%  trades= 425  (14s)
  margin_utilization_regime_portfolio_v1 VALIDATION phase=20/20: 報酬= +36.44%  MDD= -37.59%  trades= 432  (14s)
報告已寫入 PHASE_SENSITIVITY.md（210 個完成的相位格子）
