載入TAIEX市場資料...
  TRAIN+VAL範圍: 2010-01-04 ~ 2024-12-31, n=3681天
  regime標籤warm-up期缺值天數: 79（expanding窗前置期，預期會有，不是bug）

--- Sanity①：combined_regime分布是否合理（非系統性0筆/全部同一格）---
  ('bull_above_ma', 'low_vol'): 1657天 (46.0%)
  ('bull_above_ma', 'high_vol'): 912天 (25.3%)
  ('bear_below_ma', 'high_vol'): 786天 (21.8%)
  ('bear_below_ma', 'low_vol'): 246天 (6.8%)

--- Sanity②：全期間baseline vs overlay ---

=== TRAIN+VAL全期間 (2010-05-05 ~ 2024-12-31, n=3601) ===
  baseline(買進持有): CAGR=+7.97%  年化波動=15.92%  Sharpe=0.55  MDD=-31.63%  Calmar=0.25
  overlay(regime調整): CAGR=+6.38%  年化波動=11.08%  Sharpe=0.60  MDD=-17.10%  Calmar=0.37
  MDD是否改善: 是（-31.63% -> -17.10%）

--- 已知危機期間 regime 標籤檢查（sanity，不是回測期間切分）---
  2018Q4貿易戰急跌 (2018-10-01~2018-12-31, n=65): 空頭天數占比=95.4%  高波動天數占比=89.2%  平均曝險=0.46
    窗內baseline報酬=-39.04%(年化換算,僅供對照) MDD=-14.23%  |  窗內overlay報酬=-22.64%(年化換算) MDD=-8.08%
  2020Q1新冠崩盤 (2020-02-01~2020-04-30, n=61): 空頭天數占比=60.7%  高波動天數占比=100.0%  平均曝險=0.52
    窗內baseline報酬=-12.55%(年化換算,僅供對照) MDD=-26.53%  |  窗內overlay報酬=-7.97%(年化換算) MDD=-13.41%
  2022全年空頭 (2022-01-01~2022-12-31, n=246): 空頭天數占比=80.5%  高波動天數占比=93.1%  平均曝險=0.48
    窗內baseline報酬=-23.10%(年化換算,僅供對照) MDD=-31.63%  |  窗內overlay報酬=-12.37%(年化換算) MDD=-17.10%

--- 結論（這輪的性質：工具能力就緒+sanity通過，非PASS/FAIL判定）---
  1. regime分布非系統性單一格：PASS（4種組合都有出現）
  2. 全期間MDD是否改善: PASS
  3. 已知危機期間regime標籤/曝險方向請見上方逐段輸出（人工判讀，非自動PASS/FAIL——這是這份sanity的設計意圖，正確性判斷留給人/下一輪根據實際數字決定）。

下一步：等佇列裡有選股候選通過1~8關後，把`compute_regime_labels`+`apply_overlay`兩個函式接到那個候選的日報酬序列上，正式測第9關（下檔保護），不是套在TAIEX買進持有上。市場廣度(breadth)規則仍待補。
