=== #54 成交值集中度速度 第1關 sanity ===
排除非個股聚合列(6檔): ['Cement', 'Food', 'Other', 'Rubber', 'TAIEX', 'TPEx']
排除空快取(<2000 bytes): 327 檔
納入橫斷面計算的個股候選池: 2111 檔
逐檔載入結果: ok=2094 err=0 too_short(<30列)=17

總交易日數=3681，n_t<300的天數=0（0.0%）
涵蓋率<80%的天數=0（0.0%）；FMTQIK無對應資料(通常是2015-01前)的天數=1242（33.7%）

=== sanity 1: 描述統計（非退化性） ===
  n_days_total = 3681
  n_days_valid_conc = 2439
  conc_mean = 0.017538753616409785
  conc_std = 0.007976358230624793
  conc_min = 0.007151081845014821
  conc_max = 0.09203834319886431
  top20_share_mean = 0.4099566712332003
  n_t_min = 1054
  n_t_mean = 1420.0192882368922
  n_days_valid_vel = 2419
  vel_mean = 0.011304582035206928
  vel_std = 0.3403933297067768
  非退化判定: True

=== sanity 2: 已知危機期間 level/vel 百分位是否偏高（描述性參考，非主判準） ===
  無條件基準: level_pctile_mean=0.570  vel_pctile_mean=0.504
  2018Q4貿易戰急跌 (2018-10-01~2018-12-31, n=65): level_pctile=0.833 vel_pctile=0.481  vel高於基準=False
  2020Q1新冠崩盤 (2020-02-01~2020-04-30, n=61): level_pctile=0.769 vel_pctile=0.450  vel高於基準=False
  2022全年空頭 (2022-01-01~2022-12-31, n=246): level_pctile=0.585 vel_pctile=0.510  vel高於基準=True
  三個危機窗口中vel_pctile高於無條件基準的窗口數: 1/3

=== sanity 3: 條件式前瞻20日TAIEX報酬（tertile切分） ===
  對齊後樣本數: 2340
  level_pctile: 低tertile(n=780) fwd_ret_mean=+0.0087  高tertile(n=780) fwd_ret_mean=+0.0098  方向正確(高<低)=False
  vel_pctile: 低tertile(n=780) fwd_ret_mean=+0.0081  高tertile(n=780) fwd_ret_mean=+0.0095  方向正確(高<低)=False

=== 與#53訊號相關係數檢查（同家族判定，事前約定門檻|corr|>0.7） ===
  對齊後共同交易日樣本數: 2360
  level_pctile相關係數(#54 vs #53) = +0.0535
  vel_pctile相關係數(#54 vs #53)   = +0.0570
  同家族判定(|corr|>0.7任一版本): False
  -> 相關係數未超過門檻，#54維持獨立發現地位（惟仍需獨立通過自己的GATE_SEQUENCE）

=== 三項sanity皆PASS: False ===
**這是sanity，不是最終PASS/FAIL判定**——下一輪視結果進第2關（隨機控制組，
依`control_group_standard.py`統一標準+`trial_registry.register_trial()`正式登記）
或若sanity方向不對則直接判FAIL並記錄。
