[2026-09-08 15:15:02]
?Ｘ葫 2026-09-08 15:15:02 ?啣?嚚閰Ｘ 20260908
  T86              ??撠?澆?  蝑=0  stat='敺甇?瘝?蝚血?璇辣????' 
  MI_MARGN         ??撠?澆?  蝑=0  stat='敺甇?瘝?蝚血?璇辣???? 
  STOCK_DAY_ALL    ??撠?澆?  蝑=0  stat='None' ????JSON
[2026-09-08 15:30:02]
?Ｘ葫 2026-09-08 15:30:02 ?啣?嚚閰Ｘ 20260908
  T86              ??撠?澆?  蝑=0  stat='敺甇?瘝?蝚血?璇辣????' 
  MI_MARGN         ??撠?澆?  蝑=0  stat='敺甇?瘝?蝚血?璇辣???? 
  STOCK_DAY_ALL    ??撠?澆?  蝑=0  stat='None' ????JSON
[2026-09-08 15:45:02]
?Ｘ葫 2026-09-08 15:45:02 ?啣?嚚閰Ｘ 20260908
  T86              ??撠?澆?  蝑=0  stat='敺甇?瘝?蝚血?璇辣????' 
  MI_MARGN         ??撠?澆?  蝑=0  stat='敺甇?瘝?蝚血?璇辣???? 
  STOCK_DAY_ALL    ??撠?澆?  蝑=0  stat='None' ????JSON
[2026-09-08 16:00:02]
?Ｘ葫 2026-09-08 16:00:02 ?啣?嚚閰Ｘ 20260908
  T86              ??撠?澆?  蝑=0  stat='敺甇?瘝?蝚血?璇辣????' 
  MI_MARGN         ??撠?澆?  蝑=0  stat='敺甇?瘝?蝚血?璇辣???? 
  STOCK_DAY_ALL    ??撠?澆?  蝑=0  stat='None' ????JSON
[2026-09-08 16:15:02]
?Ｘ葫 2026-09-08 16:15:02 ?啣?嚚閰Ｘ 20260908
  T86              ??撌脩撣? 蝑=16427  stat='OK' 20260908
  MI_MARGN         ??撠?澆?  蝑=0  stat='敺甇?瘝?蝚血?璇辣???? 
  STOCK_DAY_ALL    ??撠?澆?  蝑=0  stat='None' ????JSON
[2026-09-08 16:30:02]
?Ｘ葫 2026-09-08 16:30:02 ?啣?嚚閰Ｘ 20260908
  T86              ??撌脩撣? 蝑=16427  stat='OK' 20260908
  MI_MARGN         ??撠?澆?  蝑=0  stat='敺甇?瘝?蝚血?璇辣???? 
  STOCK_DAY_ALL    ??撠?澆?  蝑=0  stat='None' ????JSON
[2026-09-08 16:45:02]
?Ｘ葫 2026-09-08 16:45:02 ?啣?嚚閰Ｘ 20260908
  T86              ??撌脩撣? 蝑=16427  stat='OK' 20260908
  MI_MARGN         ??撠?澆?  蝑=0  stat='敺甇?瘝?蝚血?璇辣???? 
  STOCK_DAY_ALL    ??撠?澆?  蝑=0  stat='None' ????JSON
[2026-09-08 17:00:02]
?Ｘ葫 2026-09-08 17:00:02 ?啣?嚚閰Ｘ 20260908
  T86              ??撌脩撣? 蝑=16427  stat='OK' 20260908
  MI_MARGN         ??撠?澆?  蝑=0  stat='敺甇?瘝?蝚血?璇辣???? 
  STOCK_DAY_ALL    ??撠?澆?  蝑=0  stat='None' ????JSON
[2026-09-08 17:15:02]
?Ｘ葫 2026-09-08 17:15:02 ?啣?嚚閰Ｘ 20260908
  T86              ??撌脩撣? 蝑=16427  stat='OK' 20260908
  MI_MARGN         ??撠?澆?  蝑=0  stat='敺甇?瘝?蝚血?璇辣???? 
  STOCK_DAY_ALL    ??撠?澆?  蝑=0  stat='None' ????JSON
[2026-09-08 17:30:02]
?Ｘ葫 2026-09-08 17:30:02 ?啣?嚚閰Ｘ 20260908
  T86              ??撌脩撣? 蝑=16427  stat='OK' 20260908
  MI_MARGN         ??撠?澆?  蝑=0  stat='敺甇?瘝?蝚血?璇辣???? 
  STOCK_DAY_ALL    ??撠?澆?  蝑=0  stat='None' ????JSON
[2026-09-08 17:45:02]
?Ｘ葫 2026-09-08 17:45:02 ?啣?嚚閰Ｘ 20260908
  T86              ??撌脩撣? 蝑=16427  stat='OK' 20260908
  MI_MARGN         ??撠?澆?  蝑=0  stat='敺甇?瘝?蝚血?璇辣???? 
  STOCK_DAY_ALL    ??撠?澆?  蝑=0  stat='None' ????JSON
[2026-09-08 18:00:02]
?Ｘ葫 2026-09-08 18:00:02 ?啣?嚚閰Ｘ 20260908
  T86              ??撌脩撣? 蝑=16427  stat='OK' 20260908
  MI_MARGN         ??撠?澆?  蝑=0  stat='敺甇?瘝?蝚血?璇辣???? 
  STOCK_DAY_ALL    ??撠?澆?  蝑=0  stat='None' ????JSON
[2026-09-08 18:15:02]
?Ｘ葫 2026-09-08 18:15:02 ?啣?嚚閰Ｘ 20260908
  T86              ??撌脩撣? 蝑=16427  stat='OK' 20260908
  MI_MARGN         ??撠?澆?  蝑=0  stat='敺甇?瘝?蝚血?璇辣???? 
  STOCK_DAY_ALL    ??撠?澆?  蝑=0  stat='None' ????JSON
[2026-09-08 18:30:02]
?Ｘ葫 2026-09-08 18:30:02 ?啣?嚚閰Ｘ 20260908
  T86              ??撌脩撣? 蝑=16427  stat='OK' 20260908
  MI_MARGN         ??撠?澆?  蝑=0  stat='敺甇?瘝?蝚血?璇辣???? 
  STOCK_DAY_ALL    ??撠?澆?  蝑=0  stat='None' ????JSON
[2026-09-08 18:45:02]
?Ｘ葫 2026-09-08 18:45:03 ?啣?嚚閰Ｘ 20260908
  T86              ??撌脩撣? 蝑=16427  stat='OK' 20260908
  MI_MARGN         ??撠?澆?  蝑=0  stat='敺甇?瘝?蝚血?璇辣???? 
  STOCK_DAY_ALL    ??撠?澆?  蝑=0  stat='None' ????JSON
[2026-09-08 19:00:02]
?Ｘ葫 2026-09-08 19:00:03 ?啣?嚚閰Ｘ 20260908
  T86              ??撌脩撣? 蝑=16427  stat='OK' 20260908
  MI_MARGN         ??撠?澆?  蝑=0  stat='敺甇?瘝?蝚血?璇辣???? 
  STOCK_DAY_ALL    ??撠?澆?  蝑=0  stat='None' ????JSON
[2026-09-08 19:15:02]
?Ｘ葫 2026-09-08 19:15:03 ?啣?嚚閰Ｘ 20260908
  T86              ??撌脩撣? 蝑=16427  stat='OK' 20260908
  MI_MARGN         ??撠?澆?  蝑=0  stat='敺甇?瘝?蝚血?璇辣???? 
  STOCK_DAY_ALL    ??撠?澆?  蝑=0  stat='None' ????JSON
[2026-09-08 19:30:02]
?Ｘ葫 2026-09-08 19:30:03 ?啣?嚚閰Ｘ 20260908
  T86              ??撌脩撣? 蝑=16427  stat='OK' 20260908
  MI_MARGN         ??撠?澆?  蝑=0  stat='敺甇?瘝?蝚血?璇辣???? 
  STOCK_DAY_ALL    ??撠?澆?  蝑=0  stat='None' ????JSON
[2026-09-08 19:45:02]
?Ｘ葫 2026-09-08 19:45:02 ?啣?嚚閰Ｘ 20260908
  T86              ??撌脩撣? 蝑=16427  stat='OK' 20260908
  MI_MARGN         ??撠?澆?  蝑=0  stat='敺甇?瘝?蝚血?璇辣???? 
  STOCK_DAY_ALL    ??撠?澆?  蝑=0  stat='None' ????JSON
[2026-09-10 12:40:52]
?Ｘ葫 2026-09-10 12:40:52 ?啣?嚚閰Ｘ 20260910
  T86              ??撠?澆?  蝑=0  stat='敺甇?瘝?蝚血?璇辣????' 
  MI_MARGN         ??撠?澆?  蝑=0  stat='敺甇?瘝?蝚血?璇辣???? 
  STOCK_DAY_ALL    ??撠?澆?  蝑=0  stat='None' ????JSON
[2026-09-10 12:41:46]
?Ｘ葫 2026-09-10 12:41:46 ?啣?嚚閰Ｘ 20260910
  T86              ??撠?澆?  蝑=0  stat='敺甇?瘝?蝚血?璇辣????' 
  MI_MARGN         ??撠?澆?  蝑=0  stat='敺甇?瘝?蝚血?璇辣???? 
  STOCK_DAY_ALL    ??撠?澆?  蝑=0  stat='None' ????JSON
[2026-09-10 12:42:54]
探測 2026-09-10 12:42:54 台北｜查詢日 20260910
  T86              ❌ 尚未發布  筆數=0  stat='很抱歉，沒有符合條件的資料!' 
  MI_MARGN         ❌ 尚未發布  筆數=0  stat='很抱歉，沒有符合條件的資料' 
  STOCK_DAY_ALL    ❌ 尚未發布  筆數=0  stat='None' 回應非 JSON
[2026-09-10 13:30:01]
探測 2026-09-10 13:30:02 台北｜查詢日 20260910
  T86              ❌ 尚未發布  筆數=0  stat='很抱歉，沒有符合條件的資料!' 
  MI_MARGN         ❌ 尚未發布  筆數=0  stat='很抱歉，沒有符合條件的資料' 
  STOCK_DAY_ALL    ❌ 尚未發布  筆數=0  stat='None' 回應非 JSON
[2026-09-10 13:45:02]
探測 2026-09-10 13:45:02 台北｜查詢日 20260910
  T86              ❌ 尚未發布  筆數=0  stat='很抱歉，沒有符合條件的資料!' 
  MI_MARGN         ❌ 尚未發布  筆數=0  stat='很抱歉，沒有符合條件的資料' 
  STOCK_DAY_ALL    ❌ 尚未發布  筆數=0  stat='None' 回應非 JSON
[2026-09-10 14:00:02]
探測 2026-09-10 14:00:02 台北｜查詢日 20260910
  T86              ❌ 尚未發布  筆數=0  stat='很抱歉，沒有符合條件的資料!' 
  MI_MARGN         ❌ 尚未發布  筆數=0  stat='很抱歉，沒有符合條件的資料' 
  STOCK_DAY_ALL    ❌ 尚未發布  筆數=0  stat='None' 回應非 JSON
[2026-09-10 14:15:02]
探測 2026-09-10 14:15:02 台北｜查詢日 20260910
  T86              ❌ 尚未發布  筆數=0  stat='很抱歉，沒有符合條件的資料!' 
  MI_MARGN         ❌ 尚未發布  筆數=0  stat='很抱歉，沒有符合條件的資料' 
  STOCK_DAY_ALL    ❌ 尚未發布  筆數=0  stat='None' 回應非 JSON
[2026-09-10 14:30:02]
探測 2026-09-10 14:30:02 台北｜查詢日 20260910
  T86              ❌ 尚未發布  筆數=0  stat='很抱歉，沒有符合條件的資料!' 
  MI_MARGN         ❌ 尚未發布  筆數=0  stat='很抱歉，沒有符合條件的資料' 
  STOCK_DAY_ALL    ❌ 尚未發布  筆數=0  stat='None' 回應非 JSON
[2026-09-10 14:45:02]
探測 2026-09-10 14:45:02 台北｜查詢日 20260910
  T86              ❌ 尚未發布  筆數=0  stat='很抱歉，沒有符合條件的資料!' 
  MI_MARGN         ❌ 尚未發布  筆數=0  stat='很抱歉，沒有符合條件的資料' 
  STOCK_DAY_ALL    ❌ 尚未發布  筆數=0  stat='None' 回應非 JSON
[2026-09-10 15:00:02]
探測 2026-09-10 15:00:02 台北｜查詢日 20260910
  T86              ❌ 尚未發布  筆數=0  stat='很抱歉，沒有符合條件的資料!' 
  MI_MARGN         ❌ 尚未發布  筆數=0  stat='很抱歉，沒有符合條件的資料' 
  STOCK_DAY_ALL    ❌ 尚未發布  筆數=0  stat='None' 回應非 JSON
[2026-09-10 15:15:02]
探測 2026-09-10 15:15:02 台北｜查詢日 20260910
  T86              ❌ 尚未發布  筆數=0  stat='很抱歉，沒有符合條件的資料!' 
  MI_MARGN         ❌ 尚未發布  筆數=0  stat='很抱歉，沒有符合條件的資料' 
  STOCK_DAY_ALL    ❌ 尚未發布  筆數=0  stat='None' 回應非 JSON
[2026-09-10 15:30:02]
探測 2026-09-10 15:30:02 台北｜查詢日 20260910
  T86              ❌ 尚未發布  筆數=0  stat='很抱歉，沒有符合條件的資料!' 
  MI_MARGN         ❌ 尚未發布  筆數=0  stat='很抱歉，沒有符合條件的資料' 
  STOCK_DAY_ALL    ❌ 尚未發布  筆數=0  stat='None' 回應非 JSON
[2026-09-10 15:45:02]
探測 2026-09-10 15:45:02 台北｜查詢日 20260910
  T86              ❌ 尚未發布  筆數=0  stat='很抱歉，沒有符合條件的資料!' 
  MI_MARGN         ❌ 尚未發布  筆數=0  stat='很抱歉，沒有符合條件的資料' 
  STOCK_DAY_ALL    ❌ 尚未發布  筆數=0  stat='None' 回應非 JSON
[2026-09-10 16:00:02]
探測 2026-09-10 16:00:02 台北｜查詢日 20260910
  T86              ❌ 尚未發布  筆數=0  stat='很抱歉，沒有符合條件的資料!' 
  MI_MARGN         ❌ 尚未發布  筆數=0  stat='很抱歉，沒有符合條件的資料' 
  STOCK_DAY_ALL    ❌ 尚未發布  筆數=0  stat='None' 回應非 JSON
[2026-09-10 16:15:02]
探測 2026-09-10 16:15:02 台北｜查詢日 20260910
  T86              ✅ 已發布  筆數=16404  stat='OK' 20260910
  MI_MARGN         ❌ 尚未發布  筆數=0  stat='很抱歉，沒有符合條件的資料' 
  STOCK_DAY_ALL    ❌ 尚未發布  筆數=0  stat='None' 回應非 JSON
[2026-09-10 16:30:02]
探測 2026-09-10 16:30:02 台北｜查詢日 20260910
  T86              ✅ 已發布  筆數=16404  stat='OK' 20260910
  MI_MARGN         ❌ 尚未發布  筆數=0  stat='很抱歉，沒有符合條件的資料' 
  STOCK_DAY_ALL    ❌ 尚未發布  筆數=0  stat='None' 回應非 JSON
[2026-09-10 16:45:02]
探測 2026-09-10 16:45:02 台北｜查詢日 20260910
  T86              ✅ 已發布  筆數=16404  stat='OK' 20260910
  MI_MARGN         ❌ 尚未發布  筆數=0  stat='很抱歉，沒有符合條件的資料' 
  STOCK_DAY_ALL    ❌ 尚未發布  筆數=0  stat='None' 回應非 JSON
[2026-09-10 17:00:02]
探測 2026-09-10 17:00:02 台北｜查詢日 20260910
  T86              ✅ 已發布  筆數=16404  stat='OK' 20260910
  MI_MARGN         ❌ 尚未發布  筆數=0  stat='很抱歉，沒有符合條件的資料' 
  STOCK_DAY_ALL    ❌ 尚未發布  筆數=0  stat='None' 回應非 JSON
[2026-09-10 17:15:02]
探測 2026-09-10 17:15:02 台北｜查詢日 20260910
  T86              ✅ 已發布  筆數=16404  stat='OK' 20260910
  MI_MARGN         ❌ 尚未發布  筆數=0  stat='很抱歉，沒有符合條件的資料' 
  STOCK_DAY_ALL    ❌ 尚未發布  筆數=0  stat='None' 回應非 JSON
[2026-09-10 17:30:02]
探測 2026-09-10 17:30:02 台北｜查詢日 20260910
  T86              ✅ 已發布  筆數=16404  stat='OK' 20260910
  MI_MARGN         ❌ 尚未發布  筆數=0  stat='很抱歉，沒有符合條件的資料' 
  STOCK_DAY_ALL    ❌ 尚未發布  筆數=0  stat='None' 回應非 JSON
[2026-09-10 17:37:55]

[2026-09-10 17:45:01]

[2026-09-10 17:49:11]

[2026-09-10 18:00:02]

[2026-09-10 18:15:02]

[2026-09-10 18:30:02]

[2026-09-10 18:45:01]

[2026-09-10 19:00:00]

[2026-09-10 19:09:16]
探測 2026-09-10 19:09:16 台北｜查詢日 20260910
  T86              ✅ 已發布  筆數=16404  stat='OK' 20260910
  MI_MARGN         ❌ 尚未發布  筆數=0  stat='很抱歉，沒有符合條件的資料' 
  STOCK_DAY_ALL    ❌ 尚未發布  筆數=0  stat='None' 回應非 JSON
[2026-09-10 19:15:00]

[2026-09-10 19:30:00]

[2026-09-10 19:45:00]

[2026-09-10 20:00:00]

[2026-09-11 13:30:02]

[2026-09-11 13:45:02]

[2026-09-11 14:00:02]

[2026-09-11 14:15:02]

[2026-09-11 14:30:02]

[2026-09-11 14:45:02]

[2026-09-11 15:00:02]

[2026-09-11 15:15:02]

[2026-09-11 15:30:02]

[2026-09-11 15:45:02]

[2026-09-11 16:00:02]

[2026-09-11 16:15:02]

[2026-09-11 16:30:02]

[2026-09-11 16:45:02]

[2026-09-11 17:00:02]

[2026-09-11 17:15:02]

[2026-09-11 17:30:02]

[2026-09-11 17:45:02]

[2026-09-11 18:00:02]

[2026-09-11 18:15:02]

[2026-09-11 18:30:02]

[2026-09-11 18:45:02]

[2026-09-11 19:00:02]

[2026-09-11 19:15:02]

[2026-09-11 19:30:02]

[2026-09-11 19:45:02]

[2026-09-11 20:00:02]

[2026-09-12 13:30:02]

[2026-09-12 13:45:02]

[2026-09-12 14:00:02]

[2026-09-12 14:15:02]

[2026-09-12 14:30:02]

[2026-09-12 14:45:02]

[2026-09-12 15:00:02]

[2026-09-12 15:15:02]

[2026-09-12 15:30:02]

[2026-09-12 15:45:02]

[2026-09-12 16:00:02]

[2026-09-12 16:15:02]

[2026-09-12 16:30:02]

[2026-09-12 16:45:02]

[2026-09-12 17:00:02]

[2026-09-12 17:15:02]

[2026-09-12 17:30:02]

[2026-09-12 17:45:02]

[2026-09-12 18:00:02]

[2026-09-12 18:15:02]

[2026-09-12 18:30:02]

[2026-09-12 18:45:02]

[2026-09-12 19:00:02]

[2026-09-12 19:15:02]

[2026-09-12 19:30:02]

[2026-09-12 19:45:02]

[2026-09-12 20:00:02]

[2026-09-13 13:30:02]

[2026-09-13 13:45:02]

[2026-09-13 14:00:02]

[2026-09-13 14:15:02]

[2026-09-13 14:30:02]

[2026-09-13 14:45:02]

[2026-09-13 15:00:02]

[2026-09-13 15:15:02]

[2026-09-13 15:30:02]

[2026-09-13 15:45:02]

[2026-09-13 16:00:02]

[2026-09-13 16:15:02]

[2026-09-13 16:30:02]

[2026-09-13 16:45:02]

[2026-09-13 17:00:02]

[2026-09-13 17:15:02]

[2026-09-13 17:30:02]

[2026-09-13 17:45:02]

[2026-09-13 18:00:02]

[2026-09-13 18:15:02]

[2026-09-13 18:30:02]

[2026-09-13 18:45:02]

[2026-09-13 19:00:02]

[2026-09-13 19:15:02]

[2026-09-13 19:30:02]

[2026-09-13 19:45:02]

[2026-09-13 20:00:02]

[2026-09-14 13:30:02]

[2026-09-14 13:45:02]

[2026-09-14 14:00:02]

[2026-09-14 14:15:02]

[2026-09-14 14:30:02]

[2026-09-14 14:45:02]

[2026-09-14 15:00:02]

[2026-09-14 15:15:02]

[2026-09-14 15:30:02]

[2026-09-14 15:45:02]

[2026-09-14 16:00:02]

[2026-09-14 16:15:02]

[2026-09-14 16:30:02]

[2026-09-14 16:45:02]

[2026-09-14 17:00:02]

[2026-09-14 17:15:02]

[2026-09-14 17:30:02]

[2026-09-14 17:45:02]

[2026-09-14 18:00:02]

[2026-09-14 18:15:02]

[2026-09-14 18:30:02]

[2026-09-14 18:45:02]

[2026-09-14 19:00:02]

[2026-09-14 19:15:02]

[2026-09-14 19:30:02]

[2026-09-14 19:45:02]

[2026-09-14 20:00:02]

[2026-09-17 13:30:02]
探測 2026-09-17 13:30:02 台北｜查詢日 20260917
  T86              ❌ 尚未發布  筆數=0  stat='很抱歉，沒有符合條件的資料!' 
  MI_MARGN         ❌ 尚未發布  筆數=0  stat='很抱歉，沒有符合條件的資料' 
  STOCK_DAY_ALL    ❌ 尚未發布  筆數=0  stat='None' 回應非 JSON
[2026-09-17 13:45:02]
探測 2026-09-17 13:45:03 台北｜查詢日 20260917
  T86              ❌ 尚未發布  筆數=0  stat='很抱歉，沒有符合條件的資料!' 
  MI_MARGN         ❌ 尚未發布  筆數=0  stat='很抱歉，沒有符合條件的資料' 
  STOCK_DAY_ALL    ❌ 尚未發布  筆數=0  stat='None' 回應非 JSON
[2026-09-17 14:00:02]
探測 2026-09-17 14:00:03 台北｜查詢日 20260917
  T86              ❌ 尚未發布  筆數=0  stat='很抱歉，沒有符合條件的資料!' 
  MI_MARGN         ❌ 尚未發布  筆數=0  stat='很抱歉，沒有符合條件的資料' 
  STOCK_DAY_ALL    ❌ 尚未發布  筆數=0  stat='None' 回應非 JSON
[2026-09-17 14:15:02]
探測 2026-09-17 14:15:03 台北｜查詢日 20260917
  T86              ❌ 尚未發布  筆數=0  stat='很抱歉，沒有符合條件的資料!' 
  MI_MARGN         ❌ 尚未發布  筆數=0  stat='很抱歉，沒有符合條件的資料' 
  STOCK_DAY_ALL    ❌ 尚未發布  筆數=0  stat='None' 回應非 JSON
[2026-09-17 14:30:03]
探測 2026-09-17 14:30:03 台北｜查詢日 20260917
  T86              ❌ 尚未發布  筆數=0  stat='很抱歉，沒有符合條件的資料!' 
  MI_MARGN         ❌ 尚未發布  筆數=0  stat='很抱歉，沒有符合條件的資料' 
  STOCK_DAY_ALL    ❌ 尚未發布  筆數=0  stat='None' 回應非 JSON
[2026-09-17 14:45:03]
探測 2026-09-17 14:45:03 台北｜查詢日 20260917
  T86              ❌ 尚未發布  筆數=0  stat='很抱歉，沒有符合條件的資料!' 
  MI_MARGN         ❌ 尚未發布  筆數=0  stat='很抱歉，沒有符合條件的資料' 
  STOCK_DAY_ALL    ❌ 尚未發布  筆數=0  stat='None' 回應非 JSON
[2026-09-17 15:00:02]
探測 2026-09-17 15:00:03 台北｜查詢日 20260917
  T86              ❌ 尚未發布  筆數=0  stat='很抱歉，沒有符合條件的資料!' 
  MI_MARGN         ❌ 尚未發布  筆數=0  stat='很抱歉，沒有符合條件的資料' 
  STOCK_DAY_ALL    ❌ 尚未發布  筆數=0  stat='None' 回應非 JSON
[2026-09-17 15:15:03]
探測 2026-09-17 15:15:03 台北｜查詢日 20260917
  T86              ❌ 尚未發布  筆數=0  stat='很抱歉，沒有符合條件的資料!' 
  MI_MARGN         ❌ 尚未發布  筆數=0  stat='很抱歉，沒有符合條件的資料' 
  STOCK_DAY_ALL    ❌ 尚未發布  筆數=0  stat='None' 回應非 JSON
[2026-09-17 15:30:03]
探測 2026-09-17 15:30:03 台北｜查詢日 20260917
  T86              ❌ 尚未發布  筆數=0  stat='很抱歉，沒有符合條件的資料!' 
  MI_MARGN         ❌ 尚未發布  筆數=0  stat='很抱歉，沒有符合條件的資料' 
  STOCK_DAY_ALL    ❌ 尚未發布  筆數=0  stat='None' 回應非 JSON
[2026-09-17 15:45:02]
探測 2026-09-17 15:45:03 台北｜查詢日 20260917
  T86              ❌ 尚未發布  筆數=0  stat='很抱歉，沒有符合條件的資料!' 
  MI_MARGN         ❌ 尚未發布  筆數=0  stat='很抱歉，沒有符合條件的資料' 
  STOCK_DAY_ALL    ❌ 尚未發布  筆數=0  stat='None' 回應非 JSON
[2026-09-17 16:00:02]
探測 2026-09-17 16:00:03 台北｜查詢日 20260917
  T86              ❌ 尚未發布  筆數=0  stat='很抱歉，沒有符合條件的資料!' 
  MI_MARGN         ❌ 尚未發布  筆數=0  stat='很抱歉，沒有符合條件的資料' 
  STOCK_DAY_ALL    ❌ 尚未發布  筆數=0  stat='None' 回應非 JSON
[2026-09-17 16:15:02]
探測 2026-09-17 16:15:03 台北｜查詢日 20260917
  T86              ✅ 已發布  筆數=17974  stat='OK' 20260917
  MI_MARGN         ❌ 尚未發布  筆數=0  stat='很抱歉，沒有符合條件的資料' 
  STOCK_DAY_ALL    ❌ 尚未發布  筆數=0  stat='None' 回應非 JSON
[2026-09-17 16:30:02]
探測 2026-09-17 16:30:03 台北｜查詢日 20260917
  T86              ✅ 已發布  筆數=17974  stat='OK' 20260917
  MI_MARGN         ❌ 尚未發布  筆數=0  stat='很抱歉，沒有符合條件的資料' 
  STOCK_DAY_ALL    ❌ 尚未發布  筆數=0  stat='None' 回應非 JSON
[2026-09-17 16:45:03]
探測 2026-09-17 16:45:03 台北｜查詢日 20260917
  T86              ✅ 已發布  筆數=17974  stat='OK' 20260917
  MI_MARGN         ❌ 尚未發布  筆數=0  stat='很抱歉，沒有符合條件的資料' 
  STOCK_DAY_ALL    ❌ 尚未發布  筆數=0  stat='None' 回應非 JSON
[2026-09-17 17:00:02]
探測 2026-09-17 17:00:03 台北｜查詢日 20260917
  T86              ✅ 已發布  筆數=17974  stat='OK' 20260917
  MI_MARGN         ❌ 尚未發布  筆數=0  stat='很抱歉，沒有符合條件的資料' 
  STOCK_DAY_ALL    ❌ 尚未發布  筆數=0  stat='None' 回應非 JSON
[2026-09-17 17:15:03]
探測 2026-09-17 17:15:03 台北｜查詢日 20260917
  T86              ✅ 已發布  筆數=17974  stat='OK' 20260917
  MI_MARGN         ❌ 尚未發布  筆數=0  stat='很抱歉，沒有符合條件的資料' 
  STOCK_DAY_ALL    ❌ 尚未發布  筆數=0  stat='None' 回應非 JSON
[2026-09-17 17:30:02]
探測 2026-09-17 17:30:03 台北｜查詢日 20260917
  T86              ✅ 已發布  筆數=17974  stat='OK' 20260917
  MI_MARGN         ❌ 尚未發布  筆數=0  stat='很抱歉，沒有符合條件的資料' 
  STOCK_DAY_ALL    ❌ 尚未發布  筆數=0  stat='None' 回應非 JSON
[2026-09-17 17:45:02]
探測 2026-09-17 17:45:03 台北｜查詢日 20260917
  T86              ✅ 已發布  筆數=17974  stat='OK' 20260917
  MI_MARGN         ❌ 尚未發布  筆數=0  stat='很抱歉，沒有符合條件的資料' 
  STOCK_DAY_ALL    ❌ 尚未發布  筆數=0  stat='None' 回應非 JSON
[2026-09-17 18:00:03]
探測 2026-09-17 18:00:03 台北｜查詢日 20260917
  T86              ✅ 已發布  筆數=17974  stat='OK' 20260917
  MI_MARGN         ❌ 尚未發布  筆數=0  stat='很抱歉，沒有符合條件的資料' 
  STOCK_DAY_ALL    ❌ 尚未發布  筆數=0  stat='None' 回應非 JSON
[2026-09-17 18:15:02]
探測 2026-09-17 18:15:03 台北｜查詢日 20260917
  T86              ✅ 已發布  筆數=17974  stat='OK' 20260917
  MI_MARGN         ❌ 尚未發布  筆數=0  stat='很抱歉，沒有符合條件的資料' 
  STOCK_DAY_ALL    ❌ 尚未發布  筆數=0  stat='None' 回應非 JSON
[2026-09-17 18:30:02]
探測 2026-09-17 18:30:03 台北｜查詢日 20260917
  T86              ✅ 已發布  筆數=17974  stat='OK' 20260917
  MI_MARGN         ❌ 尚未發布  筆數=0  stat='很抱歉，沒有符合條件的資料' 
  STOCK_DAY_ALL    ❌ 尚未發布  筆數=0  stat='None' 回應非 JSON
[2026-09-17 18:45:02]
探測 2026-09-17 18:45:03 台北｜查詢日 20260917
  T86              ✅ 已發布  筆數=17974  stat='OK' 20260917
  MI_MARGN         ❌ 尚未發布  筆數=0  stat='很抱歉，沒有符合條件的資料' 
  STOCK_DAY_ALL    ❌ 尚未發布  筆數=0  stat='None' 回應非 JSON
[2026-09-17 19:00:03]
探測 2026-09-17 19:00:04 台北｜查詢日 20260917
  T86              ✅ 已發布  筆數=17974  stat='OK' 20260917
  MI_MARGN         ❌ 尚未發布  筆數=0  stat='很抱歉，沒有符合條件的資料' 
  STOCK_DAY_ALL    ❌ 尚未發布  筆數=0  stat='None' 回應非 JSON
[2026-09-17 19:15:03]
探測 2026-09-17 19:15:03 台北｜查詢日 20260917
  T86              ✅ 已發布  筆數=17974  stat='OK' 20260917
  MI_MARGN         ❌ 尚未發布  筆數=0  stat='很抱歉，沒有符合條件的資料' 
  STOCK_DAY_ALL    ❌ 尚未發布  筆數=0  stat='None' 回應非 JSON
[2026-09-17 19:30:03]
探測 2026-09-17 19:30:03 台北｜查詢日 20260917
  T86              ✅ 已發布  筆數=17974  stat='OK' 20260917
  MI_MARGN         ❌ 尚未發布  筆數=0  stat='很抱歉，沒有符合條件的資料' 
  STOCK_DAY_ALL    ❌ 尚未發布  筆數=0  stat='None' 回應非 JSON
[2026-09-17 19:45:02]
探測 2026-09-17 19:45:03 台北｜查詢日 20260917
  T86              ✅ 已發布  筆數=17977  stat='OK' 20260917
  MI_MARGN         ❌ 尚未發布  筆數=0  stat='很抱歉，沒有符合條件的資料' 
  STOCK_DAY_ALL    ❌ 尚未發布  筆數=0  stat='None' 回應非 JSON
[2026-09-17 20:00:03]
探測 2026-09-17 20:00:03 台北｜查詢日 20260917
  T86              ✅ 已發布  筆數=17977  stat='OK' 20260917
  MI_MARGN         ❌ 尚未發布  筆數=0  stat='很抱歉，沒有符合條件的資料' 
  STOCK_DAY_ALL    ❌ 尚未發布  筆數=0  stat='None' 回應非 JSON
