=== 資料載入（可安全反覆測試的部分）===
300檔樣本中普通股(宇.二common_stock_only)=251檔
  進度 50/251（累計可用 41 檔）
  進度 100/251（累計可用 83 檔）
  進度 150/251（累計可用 125 檔）
  進度 250/251（累計可用 208 檔）
資料載入完成：可用208檔（價格不足/失敗43檔、factor失敗0檔）

======================================================================
即將執行考.一單發檢定正式回測——此行以後印出的任何統計數字，
依裁示視為已消耗這次only-once資格，不得重跑。
======================================================================

========== f52w_high_portfolio_v1 2007-2014單發檢定結果 ==========
  候選報酬=+113.91%  0050含息總報酬=+50.14%  trades=919
  IR(年化)=0.5784  beta_dimson=+0.568  單尾p=0.0611（<0.025才過）：FAIL
  2008年MDD=-47.14%（須嚴格優於-55.75%）：PASS
  2007-2014全段MDD=-47.14%（須>-50%）：PASS
  **綜合判定：FAIL**

========== dividend_yield_portfolio_v1 2007-2014單發檢定結果 ==========
  候選報酬=+203.87%  0050含息總報酬=+50.14%  trades=579
  IR(年化)=0.8319  beta_dimson=+0.705  單尾p=0.0128（<0.025才過）：PASS
  2008年MDD=-53.72%（須嚴格優於-55.75%）：PASS
  2007-2014全段MDD=-53.72%（須>-50%）：FAIL
  **綜合判定：FAIL**

已寫入 C:\alpha\alpha-app\research\data\single_shot_2007_2014_result.json

holdout check (after): is_holdout_consumed() -> False (OK)
